Component: ARM Compiler 5.06 update 6 (build 750) Tool: armlink [4d35ed]

==============================================================================

Section Cross References

    usbd_cdc.o(i.USBD_CDC_DataOut) refers to usbd_conf.o(i.USBD_LL_GetRxDataSize) for USBD_LL_GetRxDataSize
    usbd_cdc.o(i.USBD_CDC_DeInit) refers to usbd_conf.o(i.USBD_LL_CloseEP) for USBD_LL_CloseEP
    usbd_cdc.o(i.USBD_CDC_DeInit) refers to usbd_conf.o(i.USBD_static_free) for USBD_static_free
    usbd_cdc.o(i.USBD_CDC_GetDeviceQualifierDescriptor) refers to usbd_cdc.o(.data) for USBD_CDC_DeviceQualifierDesc
    usbd_cdc.o(i.USBD_CDC_GetFSCfgDesc) refers to usbd_cdc.o(.data) for USBD_CDC_CfgFSDesc
    usbd_cdc.o(i.USBD_CDC_GetHSCfgDesc) refers to usbd_cdc.o(.data) for USBD_CDC_CfgHSDesc
    usbd_cdc.o(i.USBD_CDC_GetOtherSpeedCfgDesc) refers to usbd_cdc.o(.data) for USBD_CDC_OtherSpeedCfgDesc
    usbd_cdc.o(i.USBD_CDC_Init) refers to usbd_conf.o(i.USBD_LL_OpenEP) for USBD_LL_OpenEP
    usbd_cdc.o(i.USBD_CDC_Init) refers to usbd_conf.o(i.USBD_static_malloc) for USBD_static_malloc
    usbd_cdc.o(i.USBD_CDC_Init) refers to usbd_conf.o(i.USBD_LL_PrepareReceive) for USBD_LL_PrepareReceive
    usbd_cdc.o(i.USBD_CDC_ReceivePacket) refers to usbd_conf.o(i.USBD_LL_PrepareReceive) for USBD_LL_PrepareReceive
    usbd_cdc.o(i.USBD_CDC_Setup) refers to usbd_ioreq.o(i.USBD_CtlSendData) for USBD_CtlSendData
    usbd_cdc.o(i.USBD_CDC_Setup) refers to usbd_ioreq.o(i.USBD_CtlPrepareRx) for USBD_CtlPrepareRx
    usbd_cdc.o(i.USBD_CDC_Setup) refers to usbd_cdc.o(.data) for ifalt
    usbd_cdc.o(i.USBD_CDC_TransmitPacket) refers to usbd_conf.o(i.USBD_LL_Transmit) for USBD_LL_Transmit
    usbd_cdc.o(.data) refers to usbd_cdc.o(i.USBD_CDC_Init) for USBD_CDC_Init
    usbd_cdc.o(.data) refers to usbd_cdc.o(i.USBD_CDC_DeInit) for USBD_CDC_DeInit
    usbd_cdc.o(.data) refers to usbd_cdc.o(i.USBD_CDC_Setup) for USBD_CDC_Setup
    usbd_cdc.o(.data) refers to usbd_cdc.o(i.USBD_CDC_EP0_RxReady) for USBD_CDC_EP0_RxReady
    usbd_cdc.o(.data) refers to usbd_cdc.o(i.USBD_CDC_DataIn) for USBD_CDC_DataIn
    usbd_cdc.o(.data) refers to usbd_cdc.o(i.USBD_CDC_DataOut) for USBD_CDC_DataOut
    usbd_cdc.o(.data) refers to usbd_cdc.o(i.USBD_CDC_GetHSCfgDesc) for USBD_CDC_GetHSCfgDesc
    usbd_cdc.o(.data) refers to usbd_cdc.o(i.USBD_CDC_GetFSCfgDesc) for USBD_CDC_GetFSCfgDesc
    usbd_cdc.o(.data) refers to usbd_cdc.o(i.USBD_CDC_GetOtherSpeedCfgDesc) for USBD_CDC_GetOtherSpeedCfgDesc
    usbd_cdc.o(.data) refers to usbd_cdc.o(i.USBD_CDC_GetDeviceQualifierDescriptor) for USBD_CDC_GetDeviceQualifierDescriptor
    usbd_ctlreq.o(i.USBD_ClrFeature) refers to usbd_ioreq.o(i.USBD_CtlSendStatus) for USBD_CtlSendStatus
    usbd_ctlreq.o(i.USBD_ClrFeature) refers to usbd_ctlreq.o(i.USBD_CtlError) for USBD_CtlError
    usbd_ctlreq.o(i.USBD_CtlError) refers to usbd_conf.o(i.USBD_LL_StallEP) for USBD_LL_StallEP
    usbd_ctlreq.o(i.USBD_GetConfig) refers to usbd_ctlreq.o(i.USBD_CtlError) for USBD_CtlError
    usbd_ctlreq.o(i.USBD_GetConfig) refers to usbd_ioreq.o(i.USBD_CtlSendData) for USBD_CtlSendData
    usbd_ctlreq.o(i.USBD_GetDescriptor) refers to usbd_ctlreq.o(i.__ARM_common_switch8) for __ARM_common_switch8
    usbd_ctlreq.o(i.USBD_GetDescriptor) refers to usbd_ctlreq.o(i.USBD_CtlError) for USBD_CtlError
    usbd_ctlreq.o(i.USBD_GetDescriptor) refers to usbd_ioreq.o(i.USBD_CtlSendData) for USBD_CtlSendData
    usbd_ctlreq.o(i.USBD_GetStatus) refers to usbd_ioreq.o(i.USBD_CtlSendData) for USBD_CtlSendData
    usbd_ctlreq.o(i.USBD_GetStatus) refers to usbd_ctlreq.o(i.USBD_CtlError) for USBD_CtlError
    usbd_ctlreq.o(i.USBD_GetString) refers to usbd_ctlreq.o(i.USBD_GetLen) for USBD_GetLen
    usbd_ctlreq.o(i.USBD_SetAddress) refers to usbd_ctlreq.o(i.USBD_CtlError) for USBD_CtlError
    usbd_ctlreq.o(i.USBD_SetAddress) refers to usbd_conf.o(i.USBD_LL_SetUSBAddress) for USBD_LL_SetUSBAddress
    usbd_ctlreq.o(i.USBD_SetAddress) refers to usbd_ioreq.o(i.USBD_CtlSendStatus) for USBD_CtlSendStatus
    usbd_ctlreq.o(i.USBD_SetConfig) refers to usbd_ctlreq.o(i.USBD_CtlError) for USBD_CtlError
    usbd_ctlreq.o(i.USBD_SetConfig) refers to usbd_core.o(i.USBD_SetClassConfig) for USBD_SetClassConfig
    usbd_ctlreq.o(i.USBD_SetConfig) refers to usbd_ioreq.o(i.USBD_CtlSendStatus) for USBD_CtlSendStatus
    usbd_ctlreq.o(i.USBD_SetConfig) refers to usbd_core.o(i.USBD_ClrClassConfig) for USBD_ClrClassConfig
    usbd_ctlreq.o(i.USBD_SetConfig) refers to usbd_ctlreq.o(.data) for cfgidx
    usbd_ctlreq.o(i.USBD_SetFeature) refers to usbd_ioreq.o(i.USBD_CtlSendStatus) for USBD_CtlSendStatus
    usbd_ctlreq.o(i.USBD_StdDevReq) refers to usbd_ctlreq.o(i.__ARM_common_switch8) for __ARM_common_switch8
    usbd_ctlreq.o(i.USBD_StdDevReq) refers to usbd_ctlreq.o(i.USBD_GetDescriptor) for USBD_GetDescriptor
    usbd_ctlreq.o(i.USBD_StdDevReq) refers to usbd_ctlreq.o(i.USBD_SetAddress) for USBD_SetAddress
[...]
    ../Drivers/STM32F0xx_HAL_Driver/Src/stm32f0xx_hal_uart_ex.c 0x00000000   Number         0  stm32f0xx_hal_uart_ex.o ABSOLUTE
    ../Middlewares/ST/STM32_USB_Device_Library/Class/CDC/Src/usbd_cdc.c 0x00000000   Number         0  usbd_cdc.o ABSOLUTE
    ../Middlewares/ST/STM32_USB_Device_Library/Core/Src/usbd_core.c 0x00000000   Number         0  usbd_core.o ABSOLUTE
    ../Middlewares/ST/STM32_USB_Device_Library/Core/Src/usbd_ctlreq.c 0x00000000   Number         0  usbd_ctlreq.o ABSOLUTE
    ../Middlewares/ST/STM32_USB_Device_Library/Core/Src/usbd_ioreq.c 0x00000000   Number         0  usbd_ioreq.o ABSOLUTE
    ../Src/main.c                            0x00000000   Number         0  main.o ABSOLUTE
    ../Src/stm32f0xx_hal_msp.c               0x00000000   Number         0  stm32f0xx_hal_msp.o ABSOLUTE
    ../Src/usb_device.c                      0x00000000   Number         0  usb_device.o ABSOLUTE
    ../Src/usbd_conf.c                       0x00000000   Number         0  usbd_conf.o ABSOLUTE
    ../Src/usbd_desc.c                       0x00000000   Number         0  usbd_desc.o ABSOLUTE
    ../clib/../cmprslib/lz77c.c              0x00000000   Number         0  __dclz77c.o ABSOLUTE
    ../clib/microlib/division.c              0x00000000   Number         0  uidiv.o ABSOLUTE
    ../clib/microlib/division.c              0x00000000   Number         0  uldiv.o ABSOLUTE
    ../clib/microlib/init/entry.s            0x00000000   Number         0  entry8a.o ABSOLUTE
    ../clib/microlib/init/entry.s            0x00000000   Number         0  entry.o ABSOLUTE
    ../clib/microlib/init/entry.s            0x00000000   Number         0  entry8b.o ABSOLUTE
    ../clib/microlib/init/entry.s            0x00000000   Number         0  entry2.o ABSOLUTE
    ../clib/microlib/init/entry.s            0x00000000   Number         0  entry11b.o ABSOLUTE
    ../clib/microlib/init/entry.s            0x00000000   Number         0  entry11a.o ABSOLUTE
    ../clib/microlib/init/entry.s            0x00000000   Number         0  entry10b.o ABSOLUTE
    ../clib/microlib/init/entry.s            0x00000000   Number         0  entry10a.o ABSOLUTE
    ../clib/microlib/init/entry.s            0x00000000   Number         0  entry9b.o ABSOLUTE
    ../clib/microlib/init/entry.s            0x00000000   Number         0  entry9a.o ABSOLUTE
    ../clib/microlib/init/entry.s            0x00000000   Number         0  entry5.o ABSOLUTE
    ../clib/microlib/init/entry.s            0x00000000   Number         0  entry7b.o ABSOLUTE
    ../clib/microlib/init/entry.s            0x00000000   Number         0  entry7a.o ABSOLUTE
    ../clib/microlib/longlong.c              0x00000000   Number         0  llshl.o ABSOLUTE
    ../clib/microlib/longlong.c              0x00000000   Number         0  llsshr.o ABSOLUTE
    ../clib/microlib/longlong.c              0x00000000   Number         0  llushr.o ABSOLUTE
    ../clib/microlib/printf/printf.c         0x00000000   Number         0  printf4.o ABSOLUTE
    ../clib/microlib/printf/printf.c         0x00000000   Number         0  printf5.o ABSOLUTE
    ../clib/microlib/printf/printf.c         0x00000000   Number         0  printf0.o ABSOLUTE
    ../clib/microlib/printf/printf.c         0x00000000   Number         0  printf6.o ABSOLUTE
    ../clib/microlib/printf/printf.c         0x00000000   Number         0  printf1.o ABSOLUTE
    ../clib/microlib/printf/printf.c         0x00000000   Number         0  printf2.o ABSOLUTE
    ../clib/microlib/printf/printf.c         0x00000000   Number         0  printf7.o ABSOLUTE
    ../clib/microlib/printf/printf.c         0x00000000   Number         0  printfb.o ABSOLUTE
    ../clib/microlib/printf/printf.c         0x00000000   Number         0  printf8.o ABSOLUTE
    ../clib/microlib/printf/printf.c         0x00000000   Number         0  printf3.o ABSOLUTE
    ../clib/microlib/printf/printf.c         0x00000000   Number         0  printfa.o ABSOLUTE
    ../clib/microlib/printf/stubs.s          0x00000000   Number         0  stubs.o ABSOLUTE
    ../clib/microlib/stdio/fputc.c           0x00000000   Number         0  fputc.o ABSOLUTE
    ../clib/microlib/stdio/semi.s            0x00000000   Number         0  semi.o ABSOLUTE
    ../clib/microlib/stdio/streams.c         0x00000000   Number         0  stdout.o ABSOLUTE
    ../clib/microlib/string/memcpy.c         0x00000000   Number         0  memcpyb.o ABSOLUTE
    ../clib/microlib/string/memcpy.c         0x00000000   Number         0  memcpya.o ABSOLUTE
    ../clib/microlib/string/memset.c         0x00000000   Number         0  memseta.o ABSOLUTE
    ../clib/microlib/string/strlen.c         0x00000000   Number         0  strlen.o ABSOLUTE
    ../clib/microlib/stubs.s                 0x00000000   Number         0  iusesemip.o ABSOLUTE
    ../clib/microlib/stubs.s                 0x00000000   Number         0  iusefp.o ABSOLUTE
    ../fplib/microlib/f2d.c                  0x00000000   Number         0  f2d.o ABSOLUTE
    ../fplib/microlib/fpadd.c                0x00000000   Number         0  dadd.o ABSOLUTE
    ../fplib/microlib/fpdiv.c                0x00000000   Number         0  ddiv.o ABSOLUTE
    ../fplib/microlib/fpepilogue.c           0x00000000   Number         0  depilogue.o ABSOLUTE
    ../fplib/microlib/fpepilogue.c           0x00000000   Number         0  fepilogue.o ABSOLUTE
    ../fplib/microlib/fpfix.c                0x00000000   Number         0  dfixul.o ABSOLUTE
    ../fplib/microlib/fpflt.c                0x00000000   Number         0  ffltui.o ABSOLUTE
    ../fplib/microlib/fpmul.c                0x00000000   Number         0  dmul.o ABSOLUTE
    ../fplib/microlib/fpmul.c                0x00000000   Number         0  fmul.o ABSOLUTE
    ..\Drivers\CMSIS\Device\ST\STM32F0xx\Source\Templates\system_stm32f0xx.c 0x00000000   Number         0  system_stm32f0xx.o ABSOLUTE
    ..\Drivers\STM32F0xx_HAL_Driver\Src\stm32f0xx_hal.c 0x00000000   Number         0  stm32f0xx_hal.o ABSOLUTE
    ..\Drivers\STM32F0xx_HAL_Driver\Src\stm32f0xx_hal_adc.c 0x00000000   Number         0  stm32f0xx_hal_adc.o ABSOLUTE
    ..\Drivers\STM32F0xx_HAL_Driver\Src\stm32f0xx_hal_adc_ex.c 0x00000000   Number         0  stm32f0xx_hal_adc_ex.o ABSOLUTE
    ..\Drivers\STM32F0xx_HAL_Driver\Src\stm32f0xx_hal_cortex.c 0x00000000   Number         0  stm32f0xx_hal_cortex.o ABSOLUTE
    ..\Drivers\STM32F0xx_HAL_Driver\Src\stm32f0xx_hal_dac.c 0x00000000   Number         0  stm32f0xx_hal_dac.o ABSOLUTE
    ..\Drivers\STM32F0xx_HAL_Driver\Src\stm32f0xx_hal_dac_ex.c 0x00000000   Number         0  stm32f0xx_hal_dac_ex.o ABSOLUTE
    ..\Drivers\STM32F0xx_HAL_Driver\Src\stm32f0xx_hal_dma.c 0x00000000   Number         0  stm32f0xx_hal_dma.o ABSOLUTE
    ..\Drivers\STM32F0xx_HAL_Driver\Src\stm32f0xx_hal_flash.c 0x00000000   Number         0  stm32f0xx_hal_flash.o ABSOLUTE
    ..\Drivers\STM32F0xx_HAL_Driver\Src\stm32f0xx_hal_flash_ex.c 0x00000000   Number         0  stm32f0xx_hal_flash_ex.o ABSOLUTE
    ..\Drivers\STM32F0xx_HAL_Driver\Src\stm32f0xx_hal_gpio.c 0x00000000   Number         0  stm32f0xx_hal_gpio.o ABSOLUTE
    ..\Drivers\STM32F0xx_HAL_Driver\Src\stm32f0xx_hal_i2c.c 0x00000000   Number         0  stm32f0xx_hal_i2c.o ABSOLUTE
    ..\Drivers\STM32F0xx_HAL_Driver\Src\stm32f0xx_hal_i2c_ex.c 0x00000000   Number         0  stm32f0xx_hal_i2c_ex.o ABSOLUTE
    ..\Drivers\STM32F0xx_HAL_Driver\Src\stm32f0xx_hal_pcd.c 0x00000000   Number         0  stm32f0xx_hal_pcd.o ABSOLUTE
    ..\Drivers\STM32F0xx_HAL_Driver\Src\stm32f0xx_hal_pcd_ex.c 0x00000000   Number         0  stm32f0xx_hal_pcd_ex.o ABSOLUTE
    ..\Drivers\STM32F0xx_HAL_Driver\Src\stm32f0xx_hal_pwr.c 0x00000000   Number         0  stm32f0xx_hal_pwr.o ABSOLUTE
    ..\Drivers\STM32F0xx_HAL_Driver\Src\stm32f0xx_hal_pwr_ex.c 0x00000000   Number         0  stm32f0xx_hal_pwr_ex.o ABSOLUTE
    ..\Drivers\STM32F0xx_HAL_Driver\Src\stm32f0xx_hal_rcc.c 0x00000000   Number         0  stm32f0xx_hal_rcc.o ABSOLUTE
    ..\Drivers\STM32F0xx_HAL_Driver\Src\stm32f0xx_hal_rcc_ex.c 0x00000000   Number         0  stm32f0xx_hal_rcc_ex.o ABSOLUTE
    ..\Drivers\STM32F0xx_HAL_Driver\Src\stm32f0xx_hal_spi.c 0x00000000   Number         0  stm32f0xx_hal_spi.o ABSOLUTE
    ..\Drivers\STM32F0xx_HAL_Driver\Src\stm32f0xx_hal_spi_ex.c 0x00000000   Number         0  stm32f0xx_hal_spi_ex.o ABSOLUTE
    ..\Drivers\STM32F0xx_HAL_Driver\Src\stm32f0xx_hal_tim.c 0x00000000   Number         0  stm32f0xx_hal_tim.o ABSOLUTE
    ..\Drivers\STM32F0xx_HAL_Driver\Src\stm32f0xx_hal_tim_ex.c 0x00000000   Number         0  stm32f0xx_hal_tim_ex.o ABSOLUTE
    ..\Drivers\STM32F0xx_HAL_Driver\Src\stm32f0xx_hal_uart.c 0x00000000   Number         0  stm32f0xx_hal_uart.o ABSOLUTE
    ..\Drivers\STM32F0xx_HAL_Driver\Src\stm32f0xx_hal_uart_ex.c 0x00000000   Number         0  stm32f0xx_hal_uart_ex.o ABSOLUTE
    ..\Middlewares\ST\STM32_USB_Device_Library\Class\CDC\Src\usbd_cdc.c 0x00000000   Number         0  usbd_cdc.o ABSOLUTE
    ..\Middlewares\ST\STM32_USB_Device_Library\Core\Src\usbd_core.c 0x00000000   Number         0  usbd_core.o ABSOLUTE
    ..\Middlewares\ST\STM32_USB_Device_Library\Core\Src\usbd_ctlreq.c 0x00000000   Number         0  usbd_ctlreq.o ABSOLUTE
    ..\Middlewares\ST\STM32_USB_Device_Library\Core\Src\usbd_ioreq.c 0x00000000   Number         0  usbd_ioreq.o ABSOLUTE
    ..\Src\main.c                            0x00000000   Number         0  main.o ABSOLUTE
    ..\Src\sd_adc.c                          0x00000000   Number         0  sd_adc.o ABSOLUTE
    ..\Src\sd_buffer.c                       0x00000000   Number         0  sd_buffer.o ABSOLUTE
    ..\Src\sd_button.c                       0x00000000   Number         0  sd_button.o ABSOLUTE
    ..\Src\sd_dac.c                          0x00000000   Number         0  sd_dac.o ABSOLUTE
    ..\Src\sd_gpio.c                         0x00000000   Number         0  sd_gpio.o ABSOLUTE
    ..\Src\sd_i2c.c                          0x00000000   Number         0  sd_i2c.o ABSOLUTE
    ..\Src\sd_interrupt.c                    0x00000000   Number         0  sd_interrupt.o ABSOLUTE
    ..\Src\sd_led.c                          0x00000000   Number         0  sd_led.o ABSOLUTE
    ..\Src\sd_led_pattern.c                  0x00000000   Number         0  sd_led_pattern.o ABSOLUTE
    ..\Src\sd_platform.c                     0x00000000   Number         0  sd_platform.o ABSOLUTE
    ..\Src\sd_pwm.c                          0x00000000   Number         0  sd_pwm.o ABSOLUTE
    ..\Src\sd_spi.c                          0x00000000   Number         0  sd_spi.o ABSOLUTE
    ..\Src\sd_spi_bridge.c                   0x00000000   Number         0  sd_spi_bridge.o ABSOLUTE
    ..\Src\sd_tim.c                          0x00000000   Number         0  sd_tim.o ABSOLUTE
    ..\Src\sd_uart.c                         0x00000000   Number         0  sd_uart.o ABSOLUTE
    ..\Src\sd_usbd_cdc_if.c                  0x00000000   Number         0  sd_usbd_cdc_if.o ABSOLUTE
    ..\Src\stm32f0xx_hal_msp.c               0x00000000   Number         0  stm32f0xx_hal_msp.o ABSOLUTE
    ..\Src\usb_device.c                      0x00000000   Number         0  usb_device.o ABSOLUTE
    ..\Src\usbd_conf.c                       0x00000000   Number         0  usbd_conf.o ABSOLUTE
    ..\Src\usbd_desc.c                       0x00000000   Number         0  usbd_desc.o ABSOLUTE
    ..\\Drivers\\STM32F0xx_HAL_Driver\\Src\\stm32f0xx_hal_dac.c 0x00000000   Number         0  stm32f0xx_hal_dac.o ABSOLUTE
    ..\\Drivers\\STM32F0xx_HAL_Driver\\Src\\stm32f0xx_hal_dac_ex.c 0x00000000   Number         0  stm32f0xx_hal_dac_ex.o ABSOLUTE
    ..\\Src\\sd_adc.c                        0x00000000   Number         0  sd_adc.o ABSOLUTE
    ..\\Src\\sd_buffer.c                     0x00000000   Number         0  sd_buffer.o ABSOLUTE
    ..\\Src\\sd_button.c                     0x00000000   Number         0  sd_button.o ABSOLUTE
    ..\\Src\\sd_dac.c                        0x00000000   Number         0  sd_dac.o ABSOLUTE
    ..\\Src\\sd_gpio.c                       0x00000000   Number         0  sd_gpio.o ABSOLUTE
    ..\\Src\\sd_i2c.c                        0x00000000   Number         0  sd_i2c.o ABSOLUTE
    ..\\Src\\sd_interrupt.c                  0x00000000   Number         0  sd_interrupt.o ABSOLUTE
    ..\\Src\\sd_led.c                        0x00000000   Number         0  sd_led.o ABSOLUTE
    ..\\Src\\sd_led_pattern.c                0x00000000   Number         0  sd_led_pattern.o ABSOLUTE
    ..\\Src\\sd_platform.c                   0x00000000   Number         0  sd_platform.o ABSOLUTE
    ..\\Src\\sd_pwm.c                        0x00000000   Number         0  sd_pwm.o ABSOLUTE
    ..\\Src\\sd_spi.c                        0x00000000   Number         0  sd_spi.o ABSOLUTE
    ..\\Src\\sd_spi_bridge.c                 0x00000000   Number         0  sd_spi_bridge.o ABSOLUTE
    ..\\Src\\sd_tim.c                        0x00000000   Number         0  sd_tim.o ABSOLUTE
    ..\\Src\\sd_uart.c                       0x00000000   Number         0  sd_uart.o ABSOLUTE
    ..\\Src\\sd_usbd_cdc_if.c                0x00000000   Number         0  sd_usbd_cdc_if.o ABSOLUTE
    cdrcmple.s                               0x00000000   Number         0  cdrcmple.o ABSOLUTE
    dc.s                                     0x00000000   Number         0  dc.o ABSOLUTE
    handlers.s                               0x00000000   Number         0  handlers.o ABSOLUTE
    init.s                                   0x00000000   Number         0  init.o ABSOLUTE
    RESET                                    0x08000000   Section      192  startup_stm32f078xx.o(RESET)
    .ARM.Collect$$$$00000000                 0x080000c0   Section        0  entry.o(.ARM.Collect$$$$00000000)
    .ARM.Collect$$$$00000001                 0x080000c0   Section        4  entry2.o(.ARM.Collect$$$$00000001)
    .ARM.Collect$$$$00000004                 0x080000c4   Section        4  entry5.o(.ARM.Collect$$$$00000004)
    .ARM.Collect$$$$00000008                 0x080000c8   Section        0  entry7b.o(.ARM.Collect$$$$00000008)
    .ARM.Collect$$$$0000000A                 0x080000c8   Section        0  entry8b.o(.ARM.Collect$$$$0000000A)
    .ARM.Collect$$$$0000000B                 0x080000c8   Section        8  entry9a.o(.ARM.Collect$$$$0000000B)
    .ARM.Collect$$$$0000000D                 0x080000d0   Section        0  entry10a.o(.ARM.Collect$$$$0000000D)
    .ARM.Collect$$$$0000000F                 0x080000d0   Section        0  entry11a.o(.ARM.Collect$$$$0000000F)
    .ARM.Collect$$$$00002712                 0x080000d0   Section        4  entry2.o(.ARM.Collect$$$$00002712)
    __lit__00000000                          0x080000d0   Data           4  entry2.o(.ARM.Collect$$$$00002712)
    .text                                    0x080000d4   Section       28  startup_stm32f078xx.o(.text)
    .text                                    0x080000f0   Section        0  uidiv.o(.text)
    .text                                    0x0800011c   Section       36  init.o(.text)
    .text                                    0x08000140   Section        0  __dclz77c.o(.text)
    i.ADC1_COMP_IRQHandler                   0x080001a0   Section        0  sd_interrupt.o(i.ADC1_COMP_IRQHandler)
    i.EXTI2_3_IRQHandler                     0x080001b0   Section        0  sd_interrupt.o(i.EXTI2_3_IRQHandler)
    i.EXTI4_15_IRQHandler                    0x080001ba   Section        0  sd_interrupt.o(i.EXTI4_15_IRQHandler)
    i.HAL_ADC_ErrorCallback                  0x080001ec   Section        0  stm32f0xx_hal_adc.o(i.HAL_ADC_ErrorCallback)
    i.HAL_Delay                              0x080001ee   Section        0  stm32f0xx_hal.o(i.HAL_Delay)
    i.HAL_GPIO_EXTI_Callback                 0x08000208   Section        0  sd_platform.o(i.HAL_GPIO_EXTI_Callback)
    i.HAL_GPIO_Init                          0x08000280   Section        0  stm32f0xx_hal_gpio.o(i.HAL_GPIO_Init)
    i.HAL_GPIO_ReadPin                       0x0800047c   Section        0  stm32f0xx_hal_gpio.o(i.HAL_GPIO_ReadPin)
    i.HAL_GPIO_TogglePin                     0x0800048e   Section        0  stm32f0xx_hal_gpio.o(i.HAL_GPIO_TogglePin)
    i.HAL_GPIO_WritePin                      0x08000496   Section        0  stm32f0xx_hal_gpio.o(i.HAL_GPIO_WritePin)
    i.HAL_GetTick                            0x080004a4   Section        0  stm32f0xx_hal.o(i.HAL_GetTick)
    i.HAL_IncTick                            0x080004b0   Section        0  stm32f0xx_hal.o(i.HAL_IncTick)
    i.HAL_Init                               0x080004c0   Section        0  stm32f0xx_hal.o(i.HAL_Init)
    i.HAL_InitTick                           0x080004e0   Section        0  stm32f0xx_hal.o(i.HAL_InitTick)
    i.HAL_MspInit                            0x08000508   Section        0  stm32f0xx_hal_msp.o(i.HAL_MspInit)
    i.HAL_NVIC_EnableIRQ                     0x08000538   Section        0  stm32f0xx_hal_cortex.o(i.HAL_NVIC_EnableIRQ)
    i.HAL_NVIC_SetPriority                   0x08000550   Section        0  stm32f0xx_hal_cortex.o(i.HAL_NVIC_SetPriority)
    i.HAL_PCD_DataInStageCallback            0x08000562   Section        0  usbd_conf.o(i.HAL_PCD_DataInStageCallback)
    i.HAL_PCD_DataOutStageCallback           0x08000582   Section        0  usbd_conf.o(i.HAL_PCD_DataOutStageCallback)
    i.HAL_PCD_EP_ClrStall                    0x080005a4   Section        0  stm32f0xx_hal_pcd.o(i.HAL_PCD_EP_ClrStall)
    i.HAL_PCD_EP_Open                        0x080006c4   Section        0  stm32f0xx_hal_pcd.o(i.HAL_PCD_EP_Open)
    i.HAL_PCD_EP_Receive                     0x08000af0   Section        0  stm32f0xx_hal_pcd.o(i.HAL_PCD_EP_Receive)
    i.HAL_PCD_EP_SetStall                    0x08000c54   Section        0  stm32f0xx_hal_pcd.o(i.HAL_PCD_EP_SetStall)
    i.HAL_PCD_EP_Transmit                    0x08000d44   Section        0  stm32f0xx_hal_pcd.o(i.HAL_PCD_EP_Transmit)
    i.HAL_PCD_IRQHandler                     0x08000f68   Section        0  stm32f0xx_hal_pcd.o(i.HAL_PCD_IRQHandler)
    i.HAL_PCD_ResetCallback                  0x080010c8   Section        0  usbd_conf.o(i.HAL_PCD_ResetCallback)
    i.HAL_PCD_ResumeCallback                 0x080010f8   Section        0  usbd_conf.o(i.HAL_PCD_ResumeCallback)
    i.HAL_PCD_SOFCallback                    0x08001124   Section        0  usbd_conf.o(i.HAL_PCD_SOFCallback)
    i.HAL_PCD_SetAddress                     0x08001134   Section        0  stm32f0xx_hal_pcd.o(i.HAL_PCD_SetAddress)
    i.HAL_PCD_SetupStageCallback             0x08001172   Section        0  usbd_conf.o(i.HAL_PCD_SetupStageCallback)
    i.HAL_PCD_SuspendCallback                0x08001188   Section        0  usbd_conf.o(i.HAL_PCD_SuspendCallback)
    i.HAL_RCCEx_PeriphCLKConfig              0x080011b0   Section        0  stm32f0xx_hal_rcc_ex.o(i.HAL_RCCEx_PeriphCLKConfig)
    i.HAL_RCC_ClockConfig                    0x0800132c   Section        0  stm32f0xx_hal_rcc.o(i.HAL_RCC_ClockConfig)
    i.HAL_RCC_GetHCLKFreq                    0x080015f8   Section        0  stm32f0xx_hal_rcc.o(i.HAL_RCC_GetHCLKFreq)
    i.HAL_RCC_GetSysClockFreq                0x08001624   Section        0  stm32f0xx_hal_rcc.o(i.HAL_RCC_GetSysClockFreq)
    i.HAL_RCC_OscConfig                      0x08001714   Section        0  stm32f0xx_hal_rcc.o(i.HAL_RCC_OscConfig)
    i.HAL_SPI_ErrorCallback                  0x08001d70   Section        0  stm32f0xx_hal_spi.o(i.HAL_SPI_ErrorCallback)
    i.HAL_SPI_Transmit_IT                    0x08001d74   Section        0  stm32f0xx_hal_spi.o(i.HAL_SPI_Transmit_IT)
    i.HAL_SPI_TxCpltCallback                 0x08001e58   Section        0  stm32f0xx_hal_spi.o(i.HAL_SPI_TxCpltCallback)
    i.HAL_SYSTICK_CLKSourceConfig            0x08001e5c   Section        0  stm32f0xx_hal_cortex.o(i.HAL_SYSTICK_CLKSourceConfig)
    i.HAL_SYSTICK_Callback                   0x08001e80   Section        0  stm32f0xx_hal_cortex.o(i.HAL_SYSTICK_Callback)
    i.HAL_SYSTICK_Config                     0x08001e84   Section        0  stm32f0xx_hal_cortex.o(i.HAL_SYSTICK_Config)
    i.HAL_SYSTICK_IRQHandler                 0x08001ebc   Section        0  stm32f0xx_hal_cortex.o(i.HAL_SYSTICK_IRQHandler)
    i.HAL_TIMEx_BreakCallback                0x08001ec4   Section        0  stm32f0xx_hal_tim_ex.o(i.HAL_TIMEx_BreakCallback)
    i.HAL_TIMEx_CommutationCallback          0x08001ec6   Section        0  stm32f0xx_hal_tim_ex.o(i.HAL_TIMEx_CommutationCallback)
    i.HAL_TIM_Base_Start_IT                  0x08001ec8   Section        0  stm32f0xx_hal_tim.o(i.HAL_TIM_Base_Start_IT)
    i.HAL_TIM_Base_Stop_IT                   0x08001ee8   Section        0  stm32f0xx_hal_tim.o(i.HAL_TIM_Base_Stop_IT)
    i.HAL_TIM_IC_CaptureCallback             0x08001f28   Section        0  stm32f0xx_hal_tim.o(i.HAL_TIM_IC_CaptureCallback)
    i.HAL_TIM_IRQHandler                     0x08001f2a   Section        0  stm32f0xx_hal_tim.o(i.HAL_TIM_IRQHandler)
    i.HAL_TIM_OC_DelayElapsedCallback        0x080020f2   Section        0  stm32f0xx_hal_tim.o(i.HAL_TIM_OC_DelayElapsedCallback)
    i.HAL_TIM_PWM_ConfigChannel              0x080020f4   Section        0  stm32f0xx_hal_tim.o(i.HAL_TIM_PWM_ConfigChannel)
    i.HAL_TIM_PWM_PulseFinishedCallback      0x08002206   Section        0  stm32f0xx_hal_tim.o(i.HAL_TIM_PWM_PulseFinishedCallback)
    i.HAL_TIM_PWM_Start                      0x08002208   Section        0  stm32f0xx_hal_tim.o(i.HAL_TIM_PWM_Start)
    i.HAL_TIM_PeriodElapsedCallback          0x08002270   Section        0  stm32f0xx_hal_tim.o(i.HAL_TIM_PeriodElapsedCallback)
    i.HAL_TIM_TriggerCallback                0x08002272   Section        0  stm32f0xx_hal_tim.o(i.HAL_TIM_TriggerCallback)
    i.HAL_UART_Transmit                      0x08002274   Section        0  stm32f0xx_hal_uart.o(i.HAL_UART_Transmit)
    i.HAL_UART_TxCpltCallback                0x08002362   Section        0  stm32f0xx_hal_uart.o(i.HAL_UART_TxCpltCallback)
    i.NVIC_SetPriority                       0x08002364   Section        0  stm32f0xx_hal_cortex.o(i.NVIC_SetPriority)
    NVIC_SetPriority                         0x08002365   Thumb Code   110  stm32f0xx_hal_cortex.o(i.NVIC_SetPriority)
    i.PCD_EP_ISR_Handler                     0x080023dc   Section        0  stm32f0xx_hal_pcd.o(i.PCD_EP_ISR_Handler)
    PCD_EP_ISR_Handler                       0x080023dd   Thumb Code  1094  stm32f0xx_hal_pcd.o(i.PCD_EP_ISR_Handler)
    i.PCD_ReadPMA                            0x08002822   Section        0  stm32f0xx_hal_pcd.o(i.PCD_ReadPMA)
    i.PCD_WritePMA                           0x08002848   Section        0  stm32f0xx_hal_pcd.o(i.PCD_WritePMA)
    i.SPI2_IRQHandler                        0x0800287c   Section        0  sd_interrupt.o(i.SPI2_IRQHandler)
    i.SPI_CloseTx_ISR                        0x0800288c   Section        0  stm32f0xx_hal_spi.o(i.SPI_CloseTx_ISR)
    SPI_CloseTx_ISR                          0x0800288d   Thumb Code    88  stm32f0xx_hal_spi.o(i.SPI_CloseTx_ISR)
    i.SPI_EndRxTxTransaction                 0x080028e4   Section        0  stm32f0xx_hal_spi.o(i.SPI_EndRxTxTransaction)
    SPI_EndRxTxTransaction                   0x080028e5   Thumb Code    68  stm32f0xx_hal_spi.o(i.SPI_EndRxTxTransaction)
    i.SPI_TxISR_16BIT                        0x08002928   Section        0  stm32f0xx_hal_spi.o(i.SPI_TxISR_16BIT)
    SPI_TxISR_16BIT                          0x08002929   Thumb Code    60  stm32f0xx_hal_spi.o(i.SPI_TxISR_16BIT)
    i.SPI_TxISR_8BIT                         0x08002964   Section        0  stm32f0xx_hal_spi.o(i.SPI_TxISR_8BIT)
    SPI_TxISR_8BIT                           0x08002965   Thumb Code    58  stm32f0xx_hal_spi.o(i.SPI_TxISR_8BIT)
    i.SPI_WaitFifoStateUntilTimeout          0x080029a0   Section        0  stm32f0xx_hal_spi.o(i.SPI_WaitFifoStateUntilTimeout)
    SPI_WaitFifoStateUntilTimeout            0x080029a1   Thumb Code   188  stm32f0xx_hal_spi.o(i.SPI_WaitFifoStateUntilTimeout)
    i.SPI_WaitFlagStateUntilTimeout          0x08002a60   Section        0  stm32f0xx_hal_spi.o(i.SPI_WaitFlagStateUntilTimeout)
    SPI_WaitFlagStateUntilTimeout            0x08002a61   Thumb Code   166  stm32f0xx_hal_spi.o(i.SPI_WaitFlagStateUntilTimeout)
    i.SysTick_Handler                        0x08002b0c   Section        0  sd_interrupt.o(i.SysTick_Handler)
    i.SystemClockConfig_Resume               0x08002b18   Section        0  usbd_conf.o(i.SystemClockConfig_Resume)
    SystemClockConfig_Resume                 0x08002b19   Thumb Code     8  usbd_conf.o(i.SystemClockConfig_Resume)
    i.SystemClock_Config                     0x08002b20   Section        0  main.o(i.SystemClock_Config)
    i.SystemInit                             0x08002b98   Section        0  system_stm32f0xx.o(i.SystemInit)
    i.TIM7_IRQHandler                        0x08002c10   Section        0  sd_interrupt.o(i.TIM7_IRQHandler)
    i.TIM_CCxChannelCmd                      0x08002c80   Section        0  stm32f0xx_hal_tim.o(i.TIM_CCxChannelCmd)
    i.TIM_OC1_SetConfig                      0x08002c9c   Section        0  stm32f0xx_hal_tim.o(i.TIM_OC1_SetConfig)
    TIM_OC1_SetConfig                        0x08002c9d   Thumb Code   164  stm32f0xx_hal_tim.o(i.TIM_OC1_SetConfig)
    i.TIM_OC2_SetConfig                      0x08002d50   Section        0  stm32f0xx_hal_tim.o(i.TIM_OC2_SetConfig)
    i.TIM_OC3_SetConfig                      0x08002e18   Section        0  stm32f0xx_hal_tim.o(i.TIM_OC3_SetConfig)
    TIM_OC3_SetConfig                        0x08002e19   Thumb Code   178  stm32f0xx_hal_tim.o(i.TIM_OC3_SetConfig)
    i.TIM_OC4_SetConfig                      0x08002edc   Section        0  stm32f0xx_hal_tim.o(i.TIM_OC4_SetConfig)
    TIM_OC4_SetConfig                        0x08002edd   Thumb Code   118  stm32f0xx_hal_tim.o(i.TIM_OC4_SetConfig)
    i.UART_EndTransmit_IT                    0x08002f64   Section        0  stm32f0xx_hal_uart.o(i.UART_EndTransmit_IT)
    i.UART_Transmit_IT                       0x08002fa0   Section        0  stm32f0xx_hal_uart.o(i.UART_Transmit_IT)
    i.UART_WaitOnFlagUntilTimeout            0x0800301a   Section        0  stm32f0xx_hal_uart.o(i.UART_WaitOnFlagUntilTimeout)
    i.USART1_IRQHandler                      0x08003118   Section        0  sd_interrupt.o(i.USART1_IRQHandler)
    i.USART2_IRQHandler                      0x08003138   Section        0  sd_interrupt.o(i.USART2_IRQHandler)
    i.USART3_4_IRQHandler                    0x08003160   Section        0  sd_interrupt.o(i.USART3_4_IRQHandler)
    i.USBD_CDC_ReceivePacket                 0x08003162   Section        0  usbd_cdc.o(i.USBD_CDC_ReceivePacket)
    i.USBD_CDC_SetRxBuffer                   0x080031a2   Section        0  usbd_cdc.o(i.USBD_CDC_SetRxBuffer)
    i.USBD_CDC_SetTxBuffer                   0x080031b4   Section        0  usbd_cdc.o(i.USBD_CDC_SetTxBuffer)
    i.USBD_CDC_TransmitPacket                0x080031ce   Section        0  usbd_cdc.o(i.USBD_CDC_TransmitPacket)
    i.USBD_ClrClassConfig                    0x08003210   Section        0  usbd_core.o(i.USBD_ClrClassConfig)
    i.USBD_ClrFeature                        0x08003228   Section        0  usbd_ctlreq.o(i.USBD_ClrFeature)
    USBD_ClrFeature                          0x08003229   Thumb Code    74  usbd_ctlreq.o(i.USBD_ClrFeature)
    i.USBD_CtlContinueRx                     0x08003272   Section        0  usbd_ioreq.o(i.USBD_CtlContinueRx)
    i.USBD_CtlContinueSendData               0x0800328a   Section        0  usbd_ioreq.o(i.USBD_CtlContinueSendData)
    i.USBD_CtlError                          0x080032a2   Section        0  usbd_ctlreq.o(i.USBD_CtlError)
    i.USBD_CtlReceiveStatus                  0x080032ba   Section        0  usbd_ioreq.o(i.USBD_CtlReceiveStatus)
    i.USBD_CtlSendData                       0x080032d6   Section        0  usbd_ioreq.o(i.USBD_CtlSendData)
    i.USBD_CtlSendStatus                     0x080032fa   Section        0  usbd_ioreq.o(i.USBD_CtlSendStatus)
    i.USBD_GetConfig                         0x08003316   Section        0  usbd_ctlreq.o(i.USBD_GetConfig)
    USBD_GetConfig                           0x08003317   Thumb Code    82  usbd_ctlreq.o(i.USBD_GetConfig)
    i.USBD_GetDescriptor                     0x08003368   Section        0  usbd_ctlreq.o(i.USBD_GetDescriptor)
    USBD_GetDescriptor                       0x08003369   Thumb Code   358  usbd_ctlreq.o(i.USBD_GetDescriptor)
    i.USBD_GetStatus                         0x080034ce   Section        0  usbd_ctlreq.o(i.USBD_GetStatus)
    USBD_GetStatus                           0x080034cf   Thumb Code    74  usbd_ctlreq.o(i.USBD_GetStatus)
    i.USBD_LL_ClearStallEP                   0x08003518   Section        0  usbd_conf.o(i.USBD_LL_ClearStallEP)
    i.USBD_LL_DataInStage                    0x0800352e   Section        0  usbd_core.o(i.USBD_LL_DataInStage)
    i.USBD_LL_DataOutStage                   0x0800361c   Section        0  usbd_core.o(i.USBD_LL_DataOutStage)
    i.USBD_LL_IsStallEP                      0x080036b2   Section        0  usbd_conf.o(i.USBD_LL_IsStallEP)
    i.USBD_LL_OpenEP                         0x080036ea   Section        0  usbd_conf.o(i.USBD_LL_OpenEP)
    i.USBD_LL_PrepareReceive                 0x08003708   Section        0  usbd_conf.o(i.USBD_LL_PrepareReceive)
    i.USBD_LL_Reset                          0x08003726   Section        0  usbd_core.o(i.USBD_LL_Reset)
    i.USBD_LL_Resume                         0x08003772   Section        0  usbd_core.o(i.USBD_LL_Resume)
    i.USBD_LL_SOF                            0x08003782   Section        0  usbd_core.o(i.USBD_LL_SOF)
    i.USBD_LL_SetSpeed                       0x080037ac   Section        0  usbd_core.o(i.USBD_LL_SetSpeed)
    i.USBD_LL_SetUSBAddress                  0x080037b4   Section        0  usbd_conf.o(i.USBD_LL_SetUSBAddress)
    i.USBD_LL_SetupStage                     0x080037ca   Section        0  usbd_core.o(i.USBD_LL_SetupStage)
    i.USBD_LL_StallEP                        0x0800384e   Section        0  usbd_conf.o(i.USBD_LL_StallEP)
    i.USBD_LL_Suspend                        0x08003864   Section        0  usbd_core.o(i.USBD_LL_Suspend)
    i.USBD_LL_Transmit                       0x0800387a   Section        0  usbd_conf.o(i.USBD_LL_Transmit)
    i.USBD_ParseSetupRequest                 0x08003898   Section        0  usbd_ctlreq.o(i.USBD_ParseSetupRequest)
    i.USBD_RunTestMode                       0x080038c0   Section        0  usbd_core.o(i.USBD_RunTestMode)
    i.USBD_SetAddress                        0x080038c6   Section        0  usbd_ctlreq.o(i.USBD_SetAddress)
    USBD_SetAddress                          0x080038c7   Thumb Code    98  usbd_ctlreq.o(i.USBD_SetAddress)
    i.USBD_SetClassConfig                    0x08003928   Section        0  usbd_core.o(i.USBD_SetClassConfig)
    i.USBD_SetConfig                         0x08003954   Section        0  usbd_ctlreq.o(i.USBD_SetConfig)
    USBD_SetConfig                           0x08003955   Thumb Code   228  usbd_ctlreq.o(i.USBD_SetConfig)
    i.USBD_SetFeature                        0x08003a3c   Section        0  usbd_ctlreq.o(i.USBD_SetFeature)
    USBD_SetFeature                          0x08003a3d   Thumb Code    42  usbd_ctlreq.o(i.USBD_SetFeature)
    i.USBD_StdDevReq                         0x08003a66   Section        0  usbd_ctlreq.o(i.USBD_StdDevReq)
    i.USBD_StdEPReq                          0x08003ad8   Section        0  usbd_ctlreq.o(i.USBD_StdEPReq)
    i.USBD_StdItfReq                         0x08003c42   Section        0  usbd_ctlreq.o(i.USBD_StdItfReq)
    i.USB_IRQHandler                         0x08003c94   Section        0  sd_interrupt.o(i.USB_IRQHandler)
    i.__ARM_common_switch8                   0x08003cac   Section        0  usbd_ctlreq.o(i.__ARM_common_switch8)
    i.__scatterload_copy                     0x08003cc8   Section       14  handlers.o(i.__scatterload_copy)
    i.__scatterload_null                     0x08003cd6   Section        2  handlers.o(i.__scatterload_null)
    i.__scatterload_zeroinit                 0x08003cd8   Section       14  handlers.o(i.__scatterload_zeroinit)
    i.main                                   0x08003ce8   Section        0  main.o(i.main)
    i.pm_Sleep                               0x08003d8c   Section        0  main.o(i.pm_Sleep)
    i.pm_sleepRead                           0x08003dae   Section        0  main.o(i.pm_sleepRead)
    i.sd_adc_irqhandler                      0x08003dd0   Section        0  sd_adc.o(i.sd_adc_irqhandler)
    i.sd_button_init                         0x08003e98   Section        0  sd_button.o(i.sd_button_init)
    i.sd_button_run                          0x08003eb2   Section        0  sd_button.o(i.sd_button_run)
    i.sd_cdc_control                         0x08003f54   Section        0  sd_usbd_cdc_if.o(i.sd_cdc_control)
    sd_cdc_control                           0x08003f55   Thumb Code    70  sd_usbd_cdc_if.o(i.sd_cdc_control)
    i.sd_cdc_deinit                          0x08003f9c   Section        0  sd_usbd_cdc_if.o(i.sd_cdc_deinit)
    sd_cdc_deinit                            0x08003f9d   Thumb Code     8  sd_usbd_cdc_if.o(i.sd_cdc_deinit)
    i.sd_cdc_get_state                       0x08003fa8   Section        0  sd_usbd_cdc_if.o(i.sd_cdc_get_state)
    i.sd_cdc_init                            0x08003fb8   Section        0  sd_usbd_cdc_if.o(i.sd_cdc_init)
    sd_cdc_init                              0x08003fb9   Thumb Code    42  sd_usbd_cdc_if.o(i.sd_cdc_init)
    i.sd_cdc_receive                         0x08003ff4   Section        0  sd_usbd_cdc_if.o(i.sd_cdc_receive)
    sd_cdc_receive                           0x08003ff5   Thumb Code    38  sd_usbd_cdc_if.o(i.sd_cdc_receive)
    i.sd_cdc_transmit                        0x08004024   Section        0  sd_usbd_cdc_if.o(i.sd_cdc_transmit)
    i.sd_gpio_exti_irqhandler                0x08004058   Section        0  sd_gpio.o(i.sd_gpio_exti_irqhandler)
    i.sd_gpio_init                           0x08004078   Section        0  sd_gpio.o(i.sd_gpio_init)
    i.sd_led_blink                           0x08004284   Section        0  sd_led_pattern.o(i.sd_led_blink)
    i.sd_led_breathe                         0x0800429c   Section        0  sd_led_pattern.o(i.sd_led_breathe)
    i.sd_led_queuehandler                    0x080042b4   Section        0  sd_led.o(i.sd_led_queuehandler)
    i.sd_led_rapid                           0x08004320   Section        0  sd_led_pattern.o(i.sd_led_rapid)
    i.sd_led_reset                           0x08004338   Section        0  sd_led.o(i.sd_led_reset)
    i.sd_led_set_pattern                     0x0800437c   Section        0  sd_led.o(i.sd_led_set_pattern)
    i.sd_spbr_find_cmd                       0x0800439e   Section        0  sd_spi_bridge.o(i.sd_spbr_find_cmd)
    sd_spbr_find_cmd                         0x0800439f   Thumb Code    34  sd_spi_bridge.o(i.sd_spbr_find_cmd)
    i.sd_spbr_find_device                    0x080043c0   Section        0  sd_spi_bridge.o(i.sd_spbr_find_device)
    sd_spbr_find_device                      0x080043c1   Thumb Code    34  sd_spi_bridge.o(i.sd_spbr_find_device)
    i.sd_spbr_irqhandler                     0x080043e2   Section        0  sd_spi_bridge.o(i.sd_spbr_irqhandler)
    i.sd_spbr_rx_isr                         0x080044bc   Section        0  sd_spi_bridge.o(i.sd_spbr_rx_isr)
    sd_spbr_rx_isr                           0x080044bd   Thumb Code   164  sd_spi_bridge.o(i.sd_spbr_rx_isr)
    i.sd_uart_irqhandler                     0x08004564   Section        0  sd_uart.o(i.sd_uart_irqhandler)
    i.sd_uart_usb_transmit                   0x0800462c   Section        0  sd_platform.o(i.sd_uart_usb_transmit)
    i.sd_zynq_disable                        0x080046d0   Section        0  sd_platform.o(i.sd_zynq_disable)
    i.sd_zynq_enable                         0x080046ec   Section        0  sd_platform.o(i.sd_zynq_enable)
    .constdata                               0x08004708   Section       16  stm32f0xx_hal_rcc.o(.constdata)
    .conststring                             0x08004718   Section      138  sd_adc.o(.conststring)
    .data                                    0x20000000   Section        1  usbd_ctlreq.o(.data)
    cfgidx                                   0x20000000   Data           1  usbd_ctlreq.o(.data)
    .data                                    0x20000004   Section        4  stm32f0xx_hal.o(.data)
    uwTick                                   0x20000004   Data           4  stm32f0xx_hal.o(.data)
    .data                                    0x20000008   Section       32  sd_spi_bridge.o(.data)
    spbr_dev_tab                             0x20000008   Data          32  sd_spi_bridge.o(.data)
    .data                                    0x20000028   Section       20  sd_usbd_cdc_if.o(.data)
    .data                                    0x2000003c   Section     5044  sd_led_pattern.o(.data)
    led_rapid_pattern                        0x20000fdc   Data        1000  sd_led_pattern.o(.data)
    led_short_blink_pattern                  0x200013c4   Data          40  sd_led_pattern.o(.data)
    led_solid_pattern                        0x200013ec   Data           4  sd_led_pattern.o(.data)
    .data                                    0x200013f0   Section      220  sd_adc.o(.data)
    adc_tab                                  0x200013f0   Data         216  sd_adc.o(.data)
    adc_chan                                 0x200014c8   Data           4  sd_adc.o(.data)
    .data                                    0x200014cc   Section       20  system_stm32f0xx.o(.data)
    .data__ZZ20sd_uart_usb_transmitE3idx     0x200014e0   Section        4  sd_platform.o(.data__ZZ20sd_uart_usb_transmitE3idx)
    .bss                                     0x200014e4   Section      548  usb_device.o(.bss)
    .bss                                     0x20001708   Section     1088  usbd_conf.o(.bss)
    mem                                      0x20001928   Data         544  usbd_conf.o(.bss)
    .bss                                     0x20001b48   Section       16  sd_spi_bridge.o(.bss)
    .bss                                     0x20001b58   Section     2048  sd_usbd_cdc_if.o(.bss)
    .bss                                     0x20002358   Section      180  sd_led.o(.bss)
    .bss                                     0x2000240c   Section      372  sd_uart.o(.bss)
    huart1                                   0x2000240c   Data         112  sd_uart.o(.bss)
    huart2                                   0x2000247c   Data         112  sd_uart.o(.bss)
    huart3                                   0x200024ec   Data         112  sd_uart.o(.bss)
    .bss                                     0x20002580   Section       56  sd_button.o(.bss)
    .bss                                     0x200025b8   Section       60  sd_tim.o(.bss)
    .bss                                     0x200025f4   Section      348  sd_adc.o(.bss)
    hadc                                     0x200025f4   Data          76  sd_adc.o(.bss)
    adc_print_buf                            0x20002640   Data         256  sd_adc.o(.bss)
    .bss__ZZ20sd_uart_usb_transmitE6txbuff   0x20002750   Section      128  sd_platform.o(.bss__ZZ20sd_uart_usb_transmitE6txbuff)
    STACK                                    0x200027d0   Section     1024  startup_stm32f078xx.o(STACK)

    Global Symbols

    Symbol Name                              Value     Ov Type        Size  Object(Section)

    BuildAttributes$$THM_ISAv3M$S$PE$A:L22$X:L11$S22$IEEE1$IW$USESV6$~STKCKD$USESV7$~SHL$OTIME$ROPI$EBA8$MICROLIB$REQ8$PRES8$EABIv2 0x00000000   Number         0  anon$$obj.o ABSOLUTE
    __ARM_use_no_argv                        0x00000000   Number         0  main.o ABSOLUTE
    _printf_a                                0x00000000   Number         0  stubs.o ABSOLUTE
    _printf_c                                0x00000000   Number         0  stubs.o ABSOLUTE
    _printf_charcount                        0x00000000   Number         0  stubs.o ABSOLUTE
    _printf_d                                0x00000000   Number         0  stubs.o ABSOLUTE
    _printf_e                                0x00000000   Number         0  stubs.o ABSOLUTE
    _printf_f                                0x00000000   Number         0  stubs.o ABSOLUTE
    _printf_flags                            0x00000000   Number         0  stubs.o ABSOLUTE
    _printf_fp_dec                           0x00000000   Number         0  stubs.o ABSOLUTE
    _printf_fp_hex                           0x00000000   Number         0  stubs.o ABSOLUTE
    _printf_g                                0x00000000   Number         0  stubs.o ABSOLUTE
    _printf_i                                0x00000000   Number         0  stubs.o ABSOLUTE
    _printf_int_dec                          0x00000000   Number         0  stubs.o ABSOLUTE
    _printf_l                                0x00000000   Number         0  stubs.o ABSOLUTE
    _printf_lc                               0x00000000   Number         0  stubs.o ABSOLUTE
    _printf_ll                               0x00000000   Number         0  stubs.o ABSOLUTE
    _printf_lld                              0x00000000   Number         0  stubs.o ABSOLUTE
    _printf_lli                              0x00000000   Number         0  stubs.o ABSOLUTE
    _printf_llo                              0x00000000   Number         0  stubs.o ABSOLUTE
    _printf_llu                              0x00000000   Number         0  stubs.o ABSOLUTE
    _printf_llx                              0x00000000   Number         0  stubs.o ABSOLUTE
    _printf_longlong_dec                     0x00000000   Number         0  stubs.o ABSOLUTE
    _printf_longlong_hex                     0x00000000   Number         0  stubs.o ABSOLUTE
    _printf_longlong_oct                     0x00000000   Number         0  stubs.o ABSOLUTE
    _printf_ls                               0x00000000   Number         0  stubs.o ABSOLUTE
    _printf_mbtowc                           0x00000000   Number         0  stubs.o ABSOLUTE
    _printf_n                                0x00000000   Number         0  stubs.o ABSOLUTE
    _printf_o                                0x00000000   Number         0  stubs.o ABSOLUTE
    _printf_p                                0x00000000   Number         0  stubs.o ABSOLUTE
    _printf_percent                          0x00000000   Number         0  stubs.o ABSOLUTE
    _printf_pre_padding                      0x00000000   Number         0  stubs.o ABSOLUTE
    _printf_return_value                     0x00000000   Number         0  stubs.o ABSOLUTE
    _printf_s                                0x00000000   Number         0  stubs.o ABSOLUTE
    _printf_sizespec                         0x00000000   Number         0  stubs.o ABSOLUTE
    _printf_str                              0x00000000   Number         0  stubs.o ABSOLUTE
    _printf_truncate_signed                  0x00000000   Number         0  stubs.o ABSOLUTE
    _printf_truncate_unsigned                0x00000000   Number         0  stubs.o ABSOLUTE
    _printf_u                                0x00000000   Number         0  stubs.o ABSOLUTE
    _printf_wc                               0x00000000   Number         0  stubs.o ABSOLUTE
    _printf_wctomb                           0x00000000   Number         0  stubs.o ABSOLUTE
    _printf_widthprec                        0x00000000   Number         0  stubs.o ABSOLUTE
    _printf_x                                0x00000000   Number         0  stubs.o ABSOLUTE
    __cpp_initialize__aeabi_                  - Undefined Weak Reference
    __cxa_finalize                            - Undefined Weak Reference
    _clock_init                               - Undefined Weak Reference
    _microlib_exit                            - Undefined Weak Reference
    __Vectors_Size                           0x000000c0   Number         0  startup_stm32f078xx.o ABSOLUTE
    __Vectors                                0x08000000   Data           4  startup_stm32f078xx.o(RESET)
    __Vectors_End                            0x080000c0   Data           0  startup_stm32f078xx.o(RESET)
    __main                                   0x080000c1   Thumb Code     0  entry.o(.ARM.Collect$$$$00000000)
    _main_stk                                0x080000c1   Thumb Code     0  entry2.o(.ARM.Collect$$$$00000001)
    _main_scatterload                        0x080000c5   Thumb Code     0  entry5.o(.ARM.Collect$$$$00000004)
    __main_after_scatterload                 0x080000c9   Thumb Code     0  entry5.o(.ARM.Collect$$$$00000004)
    _main_clock                              0x080000c9   Thumb Code     0  entry7b.o(.ARM.Collect$$$$00000008)
    _main_cpp_init                           0x080000c9   Thumb Code     0  entry8b.o(.ARM.Collect$$$$0000000A)
    _main_init                               0x080000c9   Thumb Code     0  entry9a.o(.ARM.Collect$$$$0000000B)
    __rt_final_cpp                           0x080000d1   Thumb Code     0  entry10a.o(.ARM.Collect$$$$0000000D)
    __rt_final_exit                          0x080000d1   Thumb Code     0  entry11a.o(.ARM.Collect$$$$0000000F)
    Reset_Handler                            0x080000d5   Thumb Code     8  startup_stm32f078xx.o(.text)
    NMI_Handler                              0x080000dd   Thumb Code     2  startup_stm32f078xx.o(.text)
    HardFault_Handler                        0x080000df   Thumb Code     2  startup_stm32f078xx.o(.text)
    SVC_Handler                              0x080000e1   Thumb Code     2  startup_stm32f078xx.o(.text)
    PendSV_Handler                           0x080000e3   Thumb Code     2  startup_stm32f078xx.o(.text)
    CEC_CAN_IRQHandler                       0x080000e7   Thumb Code     0  startup_stm32f078xx.o(.text)
    DMA1_Channel1_IRQHandler                 0x080000e7   Thumb Code     0  startup_stm32f078xx.o(.text)
    DMA1_Channel2_3_IRQHandler               0x080000e7   Thumb Code     0  startup_stm32f078xx.o(.text)
    DMA1_Channel4_5_6_7_IRQHandler           0x080000e7   Thumb Code     0  startup_stm32f078xx.o(.text)
    EXTI0_1_IRQHandler                       0x080000e7   Thumb Code     0  startup_stm32f078xx.o(.text)
    FLASH_IRQHandler                         0x080000e7   Thumb Code     0  startup_stm32f078xx.o(.text)
    I2C1_IRQHandler                          0x080000e7   Thumb Code     0  startup_stm32f078xx.o(.text)
    I2C2_IRQHandler                          0x080000e7   Thumb Code     0  startup_stm32f078xx.o(.text)
    RCC_CRS_IRQHandler                       0x080000e7   Thumb Code     0  startup_stm32f078xx.o(.text)
    RTC_IRQHandler                           0x080000e7   Thumb Code     0  startup_stm32f078xx.o(.text)
    SPI1_IRQHandler                          0x080000e7   Thumb Code     0  startup_stm32f078xx.o(.text)
    TIM14_IRQHandler                         0x080000e7   Thumb Code     0  startup_stm32f078xx.o(.text)
    TIM15_IRQHandler                         0x080000e7   Thumb Code     0  startup_stm32f078xx.o(.text)
    TIM16_IRQHandler                         0x080000e7   Thumb Code     0  startup_stm32f078xx.o(.text)
    TIM17_IRQHandler                         0x080000e7   Thumb Code     0  startup_stm32f078xx.o(.text)
    TIM1_BRK_UP_TRG_COM_IRQHandler           0x080000e7   Thumb Code     0  startup_stm32f078xx.o(.text)
    TIM1_CC_IRQHandler                       0x080000e7   Thumb Code     0  startup_stm32f078xx.o(.text)
    TIM2_IRQHandler                          0x080000e7   Thumb Code     0  startup_stm32f078xx.o(.text)
    TIM3_IRQHandler                          0x080000e7   Thumb Code     0  startup_stm32f078xx.o(.text)
    TIM6_DAC_IRQHandler                      0x080000e7   Thumb Code     0  startup_stm32f078xx.o(.text)
    TSC_IRQHandler                           0x080000e7   Thumb Code     0  startup_stm32f078xx.o(.text)
    VDDIO2_IRQHandler                        0x080000e7   Thumb Code     0  startup_stm32f078xx.o(.text)
    WWDG_IRQHandler                          0x080000e7   Thumb Code     0  startup_stm32f078xx.o(.text)
    __aeabi_uidiv                            0x080000f1   Thumb Code     0  uidiv.o(.text)
    __aeabi_uidivmod                         0x080000f1   Thumb Code    44  uidiv.o(.text)
    __scatterload                            0x0800011d   Thumb Code    28  init.o(.text)
    __scatterload_rt2                        0x0800011d   Thumb Code     0  init.o(.text)
    __decompress                             0x08000141   Thumb Code     0  __dclz77c.o(.text)
    __decompress2                            0x08000141   Thumb Code    96  __dclz77c.o(.text)
    ADC1_COMP_IRQHandler                     0x080001a1   Thumb Code    10  sd_interrupt.o(i.ADC1_COMP_IRQHandler)
    EXTI2_3_IRQHandler                       0x080001b1   Thumb Code    10  sd_interrupt.o(i.EXTI2_3_IRQHandler)
    EXTI4_15_IRQHandler                      0x080001bb   Thumb Code    50  sd_interrupt.o(i.EXTI4_15_IRQHandler)
    HAL_ADC_ErrorCallback                    0x080001ed   Thumb Code     2  stm32f0xx_hal_adc.o(i.HAL_ADC_ErrorCallback)
    HAL_Delay                                0x080001ef   Thumb Code    26  stm32f0xx_hal.o(i.HAL_Delay)
    HAL_GPIO_EXTI_Callback                   0x08000209   Thumb Code   110  sd_platform.o(i.HAL_GPIO_EXTI_Callback)
    HAL_GPIO_Init                            0x08000281   Thumb Code   480  stm32f0xx_hal_gpio.o(i.HAL_GPIO_Init)
    HAL_GPIO_ReadPin                         0x0800047d   Thumb Code    18  stm32f0xx_hal_gpio.o(i.HAL_GPIO_ReadPin)
    HAL_GPIO_TogglePin                       0x0800048f   Thumb Code     8  stm32f0xx_hal_gpio.o(i.HAL_GPIO_TogglePin)
    HAL_GPIO_WritePin                        0x08000497   Thumb Code    12  stm32f0xx_hal_gpio.o(i.HAL_GPIO_WritePin)
    HAL_GetTick                              0x080004a5   Thumb Code     6  stm32f0xx_hal.o(i.HAL_GetTick)
    HAL_IncTick                              0x080004b1   Thumb Code    12  stm32f0xx_hal.o(i.HAL_IncTick)
    HAL_Init                                 0x080004c1   Thumb Code    28  stm32f0xx_hal.o(i.HAL_Init)
    HAL_InitTick                             0x080004e1   Thumb Code    38  stm32f0xx_hal.o(i.HAL_InitTick)
    HAL_MspInit                              0x08000509   Thumb Code    42  stm32f0xx_hal_msp.o(i.HAL_MspInit)
    HAL_NVIC_EnableIRQ                       0x08000539   Thumb Code    18  stm32f0xx_hal_cortex.o(i.HAL_NVIC_EnableIRQ)
    HAL_NVIC_SetPriority                     0x08000551   Thumb Code    18  stm32f0xx_hal_cortex.o(i.HAL_NVIC_SetPriority)
    HAL_PCD_DataInStageCallback              0x08000563   Thumb Code    32  usbd_conf.o(i.HAL_PCD_DataInStageCallback)
    HAL_PCD_DataOutStageCallback             0x08000583   Thumb Code    34  usbd_conf.o(i.HAL_PCD_DataOutStageCallback)
    HAL_PCD_EP_ClrStall                      0x080005a5   Thumb Code   276  stm32f0xx_hal_pcd.o(i.HAL_PCD_EP_ClrStall)
    HAL_PCD_EP_Open                          0x080006c5   Thumb Code  1050  stm32f0xx_hal_pcd.o(i.HAL_PCD_EP_Open)
    HAL_PCD_EP_Receive                       0x08000af1   Thumb Code   350  stm32f0xx_hal_pcd.o(i.HAL_PCD_EP_Receive)
    HAL_PCD_EP_SetStall                      0x08000c55   Thumb Code   232  stm32f0xx_hal_pcd.o(i.HAL_PCD_EP_SetStall)
    HAL_PCD_EP_Transmit                      0x08000d45   Thumb Code   534  stm32f0xx_hal_pcd.o(i.HAL_PCD_EP_Transmit)
    HAL_PCD_IRQHandler                       0x08000f69   Thumb Code   352  stm32f0xx_hal_pcd.o(i.HAL_PCD_IRQHandler)
    HAL_PCD_ResetCallback                    0x080010c9   Thumb Code    46  usbd_conf.o(i.HAL_PCD_ResetCallback)
    HAL_PCD_ResumeCallback                   0x080010f9   Thumb Code    38  usbd_conf.o(i.HAL_PCD_ResumeCallback)
    HAL_PCD_SOFCallback                      0x08001125   Thumb Code    16  usbd_conf.o(i.HAL_PCD_SOFCallback)
    HAL_PCD_SetAddress                       0x08001135   Thumb Code    62  stm32f0xx_hal_pcd.o(i.HAL_PCD_SetAddress)
    HAL_PCD_SetupStageCallback               0x08001173   Thumb Code    22  usbd_conf.o(i.HAL_PCD_SetupStageCallback)
    HAL_PCD_SuspendCallback                  0x08001189   Thumb Code    34  usbd_conf.o(i.HAL_PCD_SuspendCallback)
    HAL_RCCEx_PeriphCLKConfig                0x080011b1   Thumb Code   366  stm32f0xx_hal_rcc_ex.o(i.HAL_RCCEx_PeriphCLKConfig)
    HAL_RCC_ClockConfig                      0x0800132d   Thumb Code   702  stm32f0xx_hal_rcc.o(i.HAL_RCC_ClockConfig)
    HAL_RCC_GetHCLKFreq                      0x080015f9   Thumb Code    32  stm32f0xx_hal_rcc.o(i.HAL_RCC_GetHCLKFreq)
    HAL_RCC_GetSysClockFreq                  0x08001625   Thumb Code   194  stm32f0xx_hal_rcc.o(i.HAL_RCC_GetSysClockFreq)
    HAL_RCC_OscConfig                        0x08001715   Thumb Code  1622  stm32f0xx_hal_rcc.o(i.HAL_RCC_OscConfig)
    HAL_SPI_ErrorCallback                    0x08001d71   Thumb Code     2  stm32f0xx_hal_spi.o(i.HAL_SPI_ErrorCallback)
    HAL_SPI_Transmit_IT                      0x08001d75   Thumb Code   216  stm32f0xx_hal_spi.o(i.HAL_SPI_Transmit_IT)
    HAL_SPI_TxCpltCallback                   0x08001e59   Thumb Code     2  stm32f0xx_hal_spi.o(i.HAL_SPI_TxCpltCallback)
    HAL_SYSTICK_CLKSourceConfig              0x08001e5d   Thumb Code    32  stm32f0xx_hal_cortex.o(i.HAL_SYSTICK_CLKSourceConfig)
    HAL_SYSTICK_Callback                     0x08001e81   Thumb Code     2  stm32f0xx_hal_cortex.o(i.HAL_SYSTICK_Callback)
    HAL_SYSTICK_Config                       0x08001e85   Thumb Code    46  stm32f0xx_hal_cortex.o(i.HAL_SYSTICK_Config)
    HAL_SYSTICK_IRQHandler                   0x08001ebd   Thumb Code     8  stm32f0xx_hal_cortex.o(i.HAL_SYSTICK_IRQHandler)
    HAL_TIMEx_BreakCallback                  0x08001ec5   Thumb Code     2  stm32f0xx_hal_tim_ex.o(i.HAL_TIMEx_BreakCallback)
    HAL_TIMEx_CommutationCallback            0x08001ec7   Thumb Code     2  stm32f0xx_hal_tim_ex.o(i.HAL_TIMEx_CommutationCallback)
    HAL_TIM_Base_Start_IT                    0x08001ec9   Thumb Code    30  stm32f0xx_hal_tim.o(i.HAL_TIM_Base_Start_IT)
    HAL_TIM_Base_Stop_IT                     0x08001ee9   Thumb Code    58  stm32f0xx_hal_tim.o(i.HAL_TIM_Base_Stop_IT)
    HAL_TIM_IC_CaptureCallback               0x08001f29   Thumb Code     2  stm32f0xx_hal_tim.o(i.HAL_TIM_IC_CaptureCallback)
    HAL_TIM_IRQHandler                       0x08001f2b   Thumb Code   456  stm32f0xx_hal_tim.o(i.HAL_TIM_IRQHandler)
    HAL_TIM_OC_DelayElapsedCallback          0x080020f3   Thumb Code     2  stm32f0xx_hal_tim.o(i.HAL_TIM_OC_DelayElapsedCallback)
    HAL_TIM_PWM_ConfigChannel                0x080020f5   Thumb Code   274  stm32f0xx_hal_tim.o(i.HAL_TIM_PWM_ConfigChannel)
    HAL_TIM_PWM_PulseFinishedCallback        0x08002207   Thumb Code     2  stm32f0xx_hal_tim.o(i.HAL_TIM_PWM_PulseFinishedCallback)
    HAL_TIM_PWM_Start                        0x08002209   Thumb Code    88  stm32f0xx_hal_tim.o(i.HAL_TIM_PWM_Start)
    HAL_TIM_PeriodElapsedCallback            0x08002271   Thumb Code     2  stm32f0xx_hal_tim.o(i.HAL_TIM_PeriodElapsedCallback)
    HAL_TIM_TriggerCallback                  0x08002273   Thumb Code     2  stm32f0xx_hal_tim.o(i.HAL_TIM_TriggerCallback)
    HAL_UART_Transmit                        0x08002275   Thumb Code   238  stm32f0xx_hal_uart.o(i.HAL_UART_Transmit)
    HAL_UART_TxCpltCallback                  0x08002363   Thumb Code     2  stm32f0xx_hal_uart.o(i.HAL_UART_TxCpltCallback)
    PCD_ReadPMA                              0x08002823   Thumb Code    38  stm32f0xx_hal_pcd.o(i.PCD_ReadPMA)
    PCD_WritePMA                             0x08002849   Thumb Code    52  stm32f0xx_hal_pcd.o(i.PCD_WritePMA)
    SPI2_IRQHandler                          0x0800287d   Thumb Code    10  sd_interrupt.o(i.SPI2_IRQHandler)
    SysTick_Handler                          0x08002b0d   Thumb Code    12  sd_interrupt.o(i.SysTick_Handler)
    SystemClock_Config                       0x08002b21   Thumb Code   114  main.o(i.SystemClock_Config)
    SystemInit                               0x08002b99   Thumb Code   102  system_stm32f0xx.o(i.SystemInit)
    TIM7_IRQHandler                          0x08002c11   Thumb Code    78  sd_interrupt.o(i.TIM7_IRQHandler)
    TIM_CCxChannelCmd                        0x08002c81   Thumb Code    28  stm32f0xx_hal_tim.o(i.TIM_CCxChannelCmd)
    TIM_OC2_SetConfig                        0x08002d51   Thumb Code   182  stm32f0xx_hal_tim.o(i.TIM_OC2_SetConfig)
    UART_EndTransmit_IT                      0x08002f65   Thumb Code    60  stm32f0xx_hal_uart.o(i.UART_EndTransmit_IT)
    UART_Transmit_IT                         0x08002fa1   Thumb Code   122  stm32f0xx_hal_uart.o(i.UART_Transmit_IT)
    UART_WaitOnFlagUntilTimeout              0x0800301b   Thumb Code   254  stm32f0xx_hal_uart.o(i.UART_WaitOnFlagUntilTimeout)
    USART1_IRQHandler                        0x08003119   Thumb Code    22  sd_interrupt.o(i.USART1_IRQHandler)
    USART2_IRQHandler                        0x08003139   Thumb Code    28  sd_interrupt.o(i.USART2_IRQHandler)
    USART3_4_IRQHandler                      0x08003161   Thumb Code     2  sd_interrupt.o(i.USART3_4_IRQHandler)
    USBD_CDC_ReceivePacket                   0x08003163   Thumb Code    64  usbd_cdc.o(i.USBD_CDC_ReceivePacket)
    USBD_CDC_SetRxBuffer                     0x080031a3   Thumb Code    18  usbd_cdc.o(i.USBD_CDC_SetRxBuffer)
    USBD_CDC_SetTxBuffer                     0x080031b5   Thumb Code    26  usbd_cdc.o(i.USBD_CDC_SetTxBuffer)
    USBD_CDC_TransmitPacket                  0x080031cf   Thumb Code    66  usbd_cdc.o(i.USBD_CDC_TransmitPacket)
    USBD_ClrClassConfig                      0x08003211   Thumb Code    24  usbd_core.o(i.USBD_ClrClassConfig)
    USBD_CtlContinueRx                       0x08003273   Thumb Code    24  usbd_ioreq.o(i.USBD_CtlContinueRx)
    USBD_CtlContinueSendData                 0x0800328b   Thumb Code    24  usbd_ioreq.o(i.USBD_CtlContinueSendData)
    USBD_CtlError                            0x080032a3   Thumb Code    24  usbd_ctlreq.o(i.USBD_CtlError)
    USBD_CtlReceiveStatus                    0x080032bb   Thumb Code    28  usbd_ioreq.o(i.USBD_CtlReceiveStatus)
    USBD_CtlSendData                         0x080032d7   Thumb Code    36  usbd_ioreq.o(i.USBD_CtlSendData)
    USBD_CtlSendStatus                       0x080032fb   Thumb Code    28  usbd_ioreq.o(i.USBD_CtlSendStatus)
    USBD_LL_ClearStallEP                     0x08003519   Thumb Code    22  usbd_conf.o(i.USBD_LL_ClearStallEP)
    USBD_LL_DataInStage                      0x0800352f   Thumb Code   238  usbd_core.o(i.USBD_LL_DataInStage)
    USBD_LL_DataOutStage                     0x0800361d   Thumb Code   150  usbd_core.o(i.USBD_LL_DataOutStage)
    USBD_LL_IsStallEP                        0x080036b3   Thumb Code    56  usbd_conf.o(i.USBD_LL_IsStallEP)
    USBD_LL_OpenEP                           0x080036eb   Thumb Code    30  usbd_conf.o(i.USBD_LL_OpenEP)
    USBD_LL_PrepareReceive                   0x08003709   Thumb Code    30  usbd_conf.o(i.USBD_LL_PrepareReceive)
    USBD_LL_Reset                            0x08003727   Thumb Code    76  usbd_core.o(i.USBD_LL_Reset)
    USBD_LL_Resume                           0x08003773   Thumb Code    16  usbd_core.o(i.USBD_LL_Resume)
    USBD_LL_SOF                              0x08003783   Thumb Code    42  usbd_core.o(i.USBD_LL_SOF)
    USBD_LL_SetSpeed                         0x080037ad   Thumb Code     8  usbd_core.o(i.USBD_LL_SetSpeed)
    USBD_LL_SetUSBAddress                    0x080037b5   Thumb Code    22  usbd_conf.o(i.USBD_LL_SetUSBAddress)
    USBD_LL_SetupStage                       0x080037cb   Thumb Code   132  usbd_core.o(i.USBD_LL_SetupStage)
    USBD_LL_StallEP                          0x0800384f   Thumb Code    22  usbd_conf.o(i.USBD_LL_StallEP)
    USBD_LL_Suspend                          0x08003865   Thumb Code    22  usbd_core.o(i.USBD_LL_Suspend)
    USBD_LL_Transmit                         0x0800387b   Thumb Code    30  usbd_conf.o(i.USBD_LL_Transmit)
    USBD_ParseSetupRequest                   0x08003899   Thumb Code    40  usbd_ctlreq.o(i.USBD_ParseSetupRequest)
    USBD_RunTestMode                         0x080038c1   Thumb Code     6  usbd_core.o(i.USBD_RunTestMode)
    USBD_SetClassConfig                      0x08003929   Thumb Code    42  usbd_core.o(i.USBD_SetClassConfig)
    USBD_StdDevReq                           0x08003a67   Thumb Code   114  usbd_ctlreq.o(i.USBD_StdDevReq)
    USBD_StdEPReq                            0x08003ad9   Thumb Code   362  usbd_ctlreq.o(i.USBD_StdEPReq)
    USBD_StdItfReq                           0x08003c43   Thumb Code    82  usbd_ctlreq.o(i.USBD_StdItfReq)
    USB_IRQHandler                           0x08003c95   Thumb Code    16  sd_interrupt.o(i.USB_IRQHandler)
    __ARM_common_switch8                     0x08003cad   Thumb Code    28  usbd_ctlreq.o(i.__ARM_common_switch8)
    __scatterload_copy                       0x08003cc9   Thumb Code    14  handlers.o(i.__scatterload_copy)
    __scatterload_null                       0x08003cd7   Thumb Code     2  handlers.o(i.__scatterload_null)
    __scatterload_zeroinit                   0x08003cd9   Thumb Code    14  handlers.o(i.__scatterload_zeroinit)
    main                                     0x08003ce9   Thumb Code   138  main.o(i.main)
    pm_Sleep                                 0x08003d8d   Thumb Code    34  main.o(i.pm_Sleep)
    pm_sleepRead                             0x08003daf   Thumb Code    32  main.o(i.pm_sleepRead)
    sd_adc_irqhandler                        0x08003dd1   Thumb Code   190  sd_adc.o(i.sd_adc_irqhandler)
    sd_button_init                           0x08003e99   Thumb Code    26  sd_button.o(i.sd_button_init)
    sd_button_run                            0x08003eb3   Thumb Code   162  sd_button.o(i.sd_button_run)
    sd_cdc_get_state                         0x08003fa9   Thumb Code    12  sd_usbd_cdc_if.o(i.sd_cdc_get_state)
    sd_cdc_transmit                          0x08004025   Thumb Code    46  sd_usbd_cdc_if.o(i.sd_cdc_transmit)
    sd_gpio_exti_irqhandler                  0x08004059   Thumb Code    26  sd_gpio.o(i.sd_gpio_exti_irqhandler)
    sd_gpio_init                             0x08004079   Thumb Code   492  sd_gpio.o(i.sd_gpio_init)
    sd_led_blink                             0x08004285   Thumb Code    18  sd_led_pattern.o(i.sd_led_blink)
    sd_led_breathe                           0x0800429d   Thumb Code    20  sd_led_pattern.o(i.sd_led_breathe)
    sd_led_queuehandler                      0x080042b5   Thumb Code   108  sd_led.o(i.sd_led_queuehandler)
    sd_led_rapid                             0x08004321   Thumb Code    18  sd_led_pattern.o(i.sd_led_rapid)
    sd_led_reset                             0x08004339   Thumb Code    68  sd_led.o(i.sd_led_reset)
    sd_led_set_pattern                       0x0800437d   Thumb Code    34  sd_led.o(i.sd_led_set_pattern)
    sd_spbr_irqhandler                       0x080043e3   Thumb Code   218  sd_spi_bridge.o(i.sd_spbr_irqhandler)
    sd_uart_irqhandler                       0x08004565   Thumb Code   194  sd_uart.o(i.sd_uart_irqhandler)
    sd_uart_usb_transmit                     0x0800462d   Thumb Code   154  sd_platform.o(i.sd_uart_usb_transmit)
    sd_zynq_disable                          0x080046d1   Thumb Code    20  sd_platform.o(i.sd_zynq_disable)
    sd_zynq_enable                           0x080046ed   Thumb Code    20  sd_platform.o(i.sd_zynq_enable)
    aAPBAHBPrescTable                        0x08004708   Data          16  stm32f0xx_hal_rcc.o(.constdata)
    Region$$Table$$Base                      0x080047a4   Number         0  anon$$obj.o(Region$$Table)
    Region$$Table$$Limit                     0x080047c4   Number         0  anon$$obj.o(Region$$Table)
    hUsbDevice_0                             0x20000028   Data           4  sd_usbd_cdc_if.o(.data)
    sd_usbd_interface_fops                   0x2000002c   Data          16  sd_usbd_cdc_if.o(.data)
    led_breathe_pattern                      0x2000003c   Data        4000  sd_led_pattern.o(.data)
    SystemCoreClock                          0x200014cc   Data           4  system_stm32f0xx.o(.data)
    AHBPrescTable                            0x200014d0   Data          16  system_stm32f0xx.o(.data)
    sd_uart_usb_transmit::idx                0x200014e0   Data           4  sd_platform.o(.data__ZZ20sd_uart_usb_transmitE3idx)
    hUsbDeviceFS                             0x200014e4   Data         548  usb_device.o(.bss)
    hpcd_USB_FS                              0x20001708   Data         544  usbd_conf.o(.bss)
    spi2_spbr                                0x20001b48   Data          16  sd_spi_bridge.o(.bss)
    UserRxBufferFS                           0x20001b58   Data        1024  sd_usbd_cdc_if.o(.bss)
    UserTxBufferFS                           0x20001f58   Data        1024  sd_usbd_cdc_if.o(.bss)
    fault_led                                0x20002358   Data          36  sd_led.o(.bss)
    usb_led                                  0x2000237c   Data          36  sd_led.o(.bss)
    bluetooth_led                            0x200023a0   Data          36  sd_led.o(.bss)
    app_led                                  0x200023c4   Data          36  sd_led.o(.bss)
    wireless_led                             0x200023e8   Data          36  sd_led.o(.bss)
    uart1_dev                                0x2000255c   Data          12  sd_uart.o(.bss)
    uart2_dev                                0x20002568   Data          12  sd_uart.o(.bss)
    uart3_dev                                0x20002574   Data          12  sd_uart.o(.bss)
    reset_button                             0x20002580   Data          28  sd_button.o(.bss)
    select_button                            0x2000259c   Data          28  sd_button.o(.bss)
    htim7                                    0x200025b8   Data          60  sd_tim.o(.bss)
    adc_dev                                  0x20002740   Data          16  sd_adc.o(.bss)
    sd_uart_usb_transmit::txbuff             0x20002750   Data         128  sd_platform.o(.bss__ZZ20sd_uart_usb_transmitE6txbuff)
    __initial_sp                             0x20002bd0   Data           0  startup_stm32f078xx.o(STACK)



==============================================================================

Memory Map of the image

  Image Entry point : 0x080000c1

  Load Region LR_IROM1 (Base: 0x08000000, Size: 0x00005ca8, Max: 0x00020000, ABSOLUTE, COMPRESSED[0x00005144])

    Execution Region ER_IROM1 (Exec base: 0x08000000, Load base: 0x08000000, Size: 0x000047c4, Max: 0x00020000, ABSOLUTE)

    Exec Addr    Load Addr    Size         Type   Attr      Idx    E Section Name        Object

    0x08000000   0x08000000   0x000000c0   Data   RO          541    RESET               startup_stm32f078xx.o
    0x080000c0   0x080000c0   0x00000000   Code   RO         5324  * .ARM.Collect$$$$00000000  mc_p.l(entry.o)
    0x080000c0   0x080000c0   0x00000004   Code   RO         5608    .ARM.Collect$$$$00000001  mc_p.l(entry2.o)
    0x080000c4   0x080000c4   0x00000004   Code   RO         5611    .ARM.Collect$$$$00000004  mc_p.l(entry5.o)
    0x080000c8   0x080000c8   0x00000000   Code   RO         5613    .ARM.Collect$$$$00000008  mc_p.l(entry7b.o)
    0x080000c8   0x080000c8   0x00000000   Code   RO         5615    .ARM.Collect$$$$0000000A  mc_p.l(entry8b.o)
    0x080000c8   0x080000c8   0x00000008   Code   RO         5616    .ARM.Collect$$$$0000000B  mc_p.l(entry9a.o)
    0x080000d0   0x080000d0   0x00000000   Code   RO         5618    .ARM.Collect$$$$0000000D  mc_p.l(entry10a.o)
    0x080000d0   0x080000d0   0x00000000   Code   RO         5620    .ARM.Collect$$$$0000000F  mc_p.l(entry11a.o)
    0x080000d0   0x080000d0   0x00000004   Code   RO         5609    .ARM.Collect$$$$00002712  mc_p.l(entry2.o)
    0x080000d4   0x080000d4   0x0000001c   Code   RO          542    .text               startup_stm32f078xx.o
    0x080000f0   0x080000f0   0x0000002c   Code   RO         5327    .text               mc_p.l(uidiv.o)
    0x0800011c   0x0800011c   0x00000024   Code   RO         5642    .text               mc_p.l(init.o)
    0x08000140   0x08000140   0x00000060   Code   RO         5658    .text               mc_p.l(__dclz77c.o)
    0x080001a0   0x080001a0   0x00000010   Code   RO         4718    i.ADC1_COMP_IRQHandler  sd_interrupt.o
    0x080001b0   0x080001b0   0x0000000a   Code   RO         4719    i.EXTI2_3_IRQHandler  sd_interrupt.o
    0x080001ba   0x080001ba   0x00000032   Code   RO         4720    i.EXTI4_15_IRQHandler  sd_interrupt.o
    0x080001ec   0x080001ec   0x00000002   Code   RO         2018    i.HAL_ADC_ErrorCallback  stm32f0xx_hal_adc.o
    0x080001ee   0x080001ee   0x0000001a   Code   RO         1894    i.HAL_Delay         stm32f0xx_hal.o
    0x08000208   0x08000208   0x00000078   Code   RO         4355    i.HAL_GPIO_EXTI_Callback  sd_platform.o
    0x08000280   0x08000280   0x000001fc   Code   RO         2186    i.HAL_GPIO_Init     stm32f0xx_hal_gpio.o
    0x0800047c   0x0800047c   0x00000012   Code   RO         2188    i.HAL_GPIO_ReadPin  stm32f0xx_hal_gpio.o
    0x0800048e   0x0800048e   0x00000008   Code   RO         2189    i.HAL_GPIO_TogglePin  stm32f0xx_hal_gpio.o
    0x08000496   0x08000496   0x0000000c   Code   RO         2190    i.HAL_GPIO_WritePin  stm32f0xx_hal_gpio.o
    0x080004a2   0x080004a2   0x00000002   PAD
    0x080004a4   0x080004a4   0x0000000c   Code   RO         1898    i.HAL_GetTick       stm32f0xx_hal.o
    0x080004b0   0x080004b0   0x00000010   Code   RO         1899    i.HAL_IncTick       stm32f0xx_hal.o
    0x080004c0   0x080004c0   0x00000020   Code   RO         1900    i.HAL_Init          stm32f0xx_hal.o
    0x080004e0   0x080004e0   0x00000026   Code   RO         1901    i.HAL_InitTick      stm32f0xx_hal.o
    0x08000506   0x08000506   0x00000002   PAD
    0x08000508   0x08000508   0x00000030   Code   RO         3956    i.HAL_MspInit       stm32f0xx_hal_msp.o
    0x08000538   0x08000538   0x00000018   Code   RO         1516    i.HAL_NVIC_EnableIRQ  stm32f0xx_hal_cortex.o
    0x08000550   0x08000550   0x00000012   Code   RO         1520    i.HAL_NVIC_SetPriority  stm32f0xx_hal_cortex.o
    0x08000562   0x08000562   0x00000020   Code   RO         4041    i.HAL_PCD_DataInStageCallback  usbd_conf.o
    0x08000582   0x08000582   0x00000022   Code   RO         4042    i.HAL_PCD_DataOutStageCallback  usbd_conf.o
    0x080005a4   0x080005a4   0x00000120   Code   RO         1676    i.HAL_PCD_EP_ClrStall  stm32f0xx_hal_pcd.o
    0x080006c4   0x080006c4   0x0000042c   Code   RO         1679    i.HAL_PCD_EP_Open   stm32f0xx_hal_pcd.o
    0x08000af0   0x08000af0   0x00000164   Code   RO         1680    i.HAL_PCD_EP_Receive  stm32f0xx_hal_pcd.o
    0x08000c54   0x08000c54   0x000000f0   Code   RO         1681    i.HAL_PCD_EP_SetStall  stm32f0xx_hal_pcd.o
    0x08000d44   0x08000d44   0x00000224   Code   RO         1682    i.HAL_PCD_EP_Transmit  stm32f0xx_hal_pcd.o
    0x08000f68   0x08000f68   0x00000160   Code   RO         1684    i.HAL_PCD_IRQHandler  stm32f0xx_hal_pcd.o
    0x080010c8   0x080010c8   0x0000002e   Code   RO         4048    i.HAL_PCD_ResetCallback  usbd_conf.o
    0x080010f6   0x080010f6   0x00000002   PAD
    0x080010f8   0x080010f8   0x0000002c   Code   RO         4049    i.HAL_PCD_ResumeCallback  usbd_conf.o
    0x08001124   0x08001124   0x00000010   Code   RO         4050    i.HAL_PCD_SOFCallback  usbd_conf.o
    0x08001134   0x08001134   0x0000003e   Code   RO         1693    i.HAL_PCD_SetAddress  stm32f0xx_hal_pcd.o
    0x08001172   0x08001172   0x00000016   Code   RO         4051    i.HAL_PCD_SetupStageCallback  usbd_conf.o
    0x08001188   0x08001188   0x00000028   Code   RO         4052    i.HAL_PCD_SuspendCallback  usbd_conf.o
    0x080011b0   0x080011b0   0x0000017c   Code   RO          649    i.HAL_RCCEx_PeriphCLKConfig  stm32f0xx_hal_rcc_ex.o
    0x0800132c   0x0800132c   0x000002cc   Code   RO          549    i.HAL_RCC_ClockConfig  stm32f0xx_hal_rcc.o
    0x080015f8   0x080015f8   0x0000002c   Code   RO          554    i.HAL_RCC_GetHCLKFreq  stm32f0xx_hal_rcc.o
    0x08001624   0x08001624   0x000000f0   Code   RO          557    i.HAL_RCC_GetSysClockFreq  stm32f0xx_hal_rcc.o
    0x08001714   0x08001714   0x0000065c   Code   RO          560    i.HAL_RCC_OscConfig  stm32f0xx_hal_rcc.o
    0x08001d70   0x08001d70   0x00000002   Code   RO         2507    i.HAL_SPI_ErrorCallback  stm32f0xx_hal_spi.o
    0x08001d72   0x08001d72   0x00000002   PAD
    0x08001d74   0x08001d74   0x000000e4   Code   RO         2524    i.HAL_SPI_Transmit_IT  stm32f0xx_hal_spi.o
    0x08001e58   0x08001e58   0x00000002   Code   RO         2525    i.HAL_SPI_TxCpltCallback  stm32f0xx_hal_spi.o
    0x08001e5a   0x08001e5a   0x00000002   PAD
    0x08001e5c   0x08001e5c   0x00000024   Code   RO         1522    i.HAL_SYSTICK_CLKSourceConfig  stm32f0xx_hal_cortex.o
    0x08001e80   0x08001e80   0x00000002   Code   RO         1523    i.HAL_SYSTICK_Callback  stm32f0xx_hal_cortex.o
    0x08001e82   0x08001e82   0x00000002   PAD
    0x08001e84   0x08001e84   0x00000038   Code   RO         1524    i.HAL_SYSTICK_Config  stm32f0xx_hal_cortex.o
    0x08001ebc   0x08001ebc   0x00000008   Code   RO         1525    i.HAL_SYSTICK_IRQHandler  stm32f0xx_hal_cortex.o
    0x08001ec4   0x08001ec4   0x00000002   Code   RO         3440    i.HAL_TIMEx_BreakCallback  stm32f0xx_hal_tim_ex.o
    0x08001ec6   0x08001ec6   0x00000002   Code   RO         3441    i.HAL_TIMEx_CommutationCallback  stm32f0xx_hal_tim_ex.o
    0x08001ec8   0x08001ec8   0x0000001e   Code   RO         2810    i.HAL_TIM_Base_Start_IT  stm32f0xx_hal_tim.o
    0x08001ee6   0x08001ee6   0x00000002   PAD
    0x08001ee8   0x08001ee8   0x00000040   Code   RO         2813    i.HAL_TIM_Base_Stop_IT  stm32f0xx_hal_tim.o
    0x08001f28   0x08001f28   0x00000002   Code   RO         2834    i.HAL_TIM_IC_CaptureCallback  stm32f0xx_hal_tim.o
    0x08001f2a   0x08001f2a   0x000001c8   Code   RO         2847    i.HAL_TIM_IRQHandler  stm32f0xx_hal_tim.o
    0x080020f2   0x080020f2   0x00000002   Code   RO         2850    i.HAL_TIM_OC_DelayElapsedCallback  stm32f0xx_hal_tim.o
    0x080020f4   0x080020f4   0x00000112   Code   RO         2871    i.HAL_TIM_PWM_ConfigChannel  stm32f0xx_hal_tim.o
    0x08002206   0x08002206   0x00000002   Code   RO         2877    i.HAL_TIM_PWM_PulseFinishedCallback  stm32f0xx_hal_tim.o
    0x08002208   0x08002208   0x00000068   Code   RO         2878    i.HAL_TIM_PWM_Start  stm32f0xx_hal_tim.o
    0x08002270   0x08002270   0x00000002   Code   RO         2884    i.HAL_TIM_PeriodElapsedCallback  stm32f0xx_hal_tim.o
    0x08002272   0x08002272   0x00000002   Code   RO         2888    i.HAL_TIM_TriggerCallback  stm32f0xx_hal_tim.o
    0x08002274   0x08002274   0x000000ee   Code   RO          791    i.HAL_UART_Transmit  stm32f0xx_hal_uart.o
    0x08002362   0x08002362   0x00000002   Code   RO          794    i.HAL_UART_TxCpltCallback  stm32f0xx_hal_uart.o
    0x08002364   0x08002364   0x00000078   Code   RO         1526    i.NVIC_SetPriority  stm32f0xx_hal_cortex.o
    0x080023dc   0x080023dc   0x00000446   Code   RO         1698    i.PCD_EP_ISR_Handler  stm32f0xx_hal_pcd.o
    0x08002822   0x08002822   0x00000026   Code   RO         1699    i.PCD_ReadPMA       stm32f0xx_hal_pcd.o
    0x08002848   0x08002848   0x00000034   Code   RO         1700    i.PCD_WritePMA      stm32f0xx_hal_pcd.o
    0x0800287c   0x0800287c   0x00000010   Code   RO         4721    i.SPI2_IRQHandler   sd_interrupt.o
    0x0800288c   0x0800288c   0x00000058   Code   RO         2537    i.SPI_CloseTx_ISR   stm32f0xx_hal_spi.o
    0x080028e4   0x080028e4   0x00000044   Code   RO         2546    i.SPI_EndRxTxTransaction  stm32f0xx_hal_spi.o
    0x08002928   0x08002928   0x0000003c   Code   RO         2551    i.SPI_TxISR_16BIT   stm32f0xx_hal_spi.o
    0x08002964   0x08002964   0x0000003a   Code   RO         2552    i.SPI_TxISR_8BIT    stm32f0xx_hal_spi.o
    0x0800299e   0x0800299e   0x00000002   PAD
    0x080029a0   0x080029a0   0x000000c0   Code   RO         2553    i.SPI_WaitFifoStateUntilTimeout  stm32f0xx_hal_spi.o
    0x08002a60   0x08002a60   0x000000ac   Code   RO         2554    i.SPI_WaitFlagStateUntilTimeout  stm32f0xx_hal_spi.o
    0x08002b0c   0x08002b0c   0x0000000c   Code   RO         4722    i.SysTick_Handler   sd_interrupt.o
    0x08002b18   0x08002b18   0x00000008   Code   RO         4053    i.SystemClockConfig_Resume  usbd_conf.o
    0x08002b20   0x08002b20   0x00000078   Code   RO         4249    i.SystemClock_Config  main.o
    0x08002b98   0x08002b98   0x00000078   Code   RO         5295    i.SystemInit        system_stm32f0xx.o
    0x08002c10   0x08002c10   0x00000070   Code   RO         4723    i.TIM7_IRQHandler   sd_interrupt.o
    0x08002c80   0x08002c80   0x0000001c   Code   RO         2890    i.TIM_CCxChannelCmd  stm32f0xx_hal_tim.o
    0x08002c9c   0x08002c9c   0x000000b4   Code   RO         2898    i.TIM_OC1_SetConfig  stm32f0xx_hal_tim.o
    0x08002d50   0x08002d50   0x000000c8   Code   RO         2899    i.TIM_OC2_SetConfig  stm32f0xx_hal_tim.o
    0x08002e18   0x08002e18   0x000000c4   Code   RO         2900    i.TIM_OC3_SetConfig  stm32f0xx_hal_tim.o
    0x08002edc   0x08002edc   0x00000088   Code   RO         2901    i.TIM_OC4_SetConfig  stm32f0xx_hal_tim.o
    0x08002f64   0x08002f64   0x0000003c   Code   RO          803    i.UART_EndTransmit_IT  stm32f0xx_hal_uart.o
    0x08002fa0   0x08002fa0   0x0000007a   Code   RO          806    i.UART_Transmit_IT  stm32f0xx_hal_uart.o
    0x0800301a   0x0800301a   0x000000fe   Code   RO          807    i.UART_WaitOnFlagUntilTimeout  stm32f0xx_hal_uart.o
    0x08003118   0x08003118   0x00000020   Code   RO         4724    i.USART1_IRQHandler  sd_interrupt.o
    0x08003138   0x08003138   0x00000028   Code   RO         4725    i.USART2_IRQHandler  sd_interrupt.o
    0x08003160   0x08003160   0x00000002   Code   RO         4726    i.USART3_4_IRQHandler  sd_interrupt.o
    0x08003162   0x08003162   0x00000040   Code   RO           12    i.USBD_CDC_ReceivePacket  usbd_cdc.o
    0x080031a2   0x080031a2   0x00000012   Code   RO           14    i.USBD_CDC_SetRxBuffer  usbd_cdc.o
    0x080031b4   0x080031b4   0x0000001a   Code   RO           15    i.USBD_CDC_SetTxBuffer  usbd_cdc.o
    0x080031ce   0x080031ce   0x00000042   Code   RO           17    i.USBD_CDC_TransmitPacket  usbd_cdc.o
    0x08003210   0x08003210   0x00000018   Code   RO          407    i.USBD_ClrClassConfig  usbd_core.o
    0x08003228   0x08003228   0x0000004a   Code   RO          258    i.USBD_ClrFeature   usbd_ctlreq.o
    0x08003272   0x08003272   0x00000018   Code   RO          351    i.USBD_CtlContinueRx  usbd_ioreq.o
    0x0800328a   0x0800328a   0x00000018   Code   RO          352    i.USBD_CtlContinueSendData  usbd_ioreq.o
    0x080032a2   0x080032a2   0x00000018   Code   RO          259    i.USBD_CtlError     usbd_ctlreq.o
    0x080032ba   0x080032ba   0x0000001c   Code   RO          354    i.USBD_CtlReceiveStatus  usbd_ioreq.o
    0x080032d6   0x080032d6   0x00000024   Code   RO          355    i.USBD_CtlSendData  usbd_ioreq.o
    0x080032fa   0x080032fa   0x0000001c   Code   RO          356    i.USBD_CtlSendStatus  usbd_ioreq.o
    0x08003316   0x08003316   0x00000052   Code   RO          260    i.USBD_GetConfig    usbd_ctlreq.o
    0x08003368   0x08003368   0x00000166   Code   RO          261    i.USBD_GetDescriptor  usbd_ctlreq.o
    0x080034ce   0x080034ce   0x0000004a   Code   RO          263    i.USBD_GetStatus    usbd_ctlreq.o
    0x08003518   0x08003518   0x00000016   Code   RO         4054    i.USBD_LL_ClearStallEP  usbd_conf.o
    0x0800352e   0x0800352e   0x000000ee   Code   RO          410    i.USBD_LL_DataInStage  usbd_core.o
    0x0800361c   0x0800361c   0x00000096   Code   RO          411    i.USBD_LL_DataOutStage  usbd_core.o
    0x080036b2   0x080036b2   0x00000038   Code   RO         4061    i.USBD_LL_IsStallEP  usbd_conf.o
    0x080036ea   0x080036ea   0x0000001e   Code   RO         4062    i.USBD_LL_OpenEP    usbd_conf.o
    0x08003708   0x08003708   0x0000001e   Code   RO         4063    i.USBD_LL_PrepareReceive  usbd_conf.o
    0x08003726   0x08003726   0x0000004c   Code   RO          416    i.USBD_LL_Reset     usbd_core.o
    0x08003772   0x08003772   0x00000010   Code   RO          417    i.USBD_LL_Resume    usbd_core.o
    0x08003782   0x08003782   0x0000002a   Code   RO          418    i.USBD_LL_SOF       usbd_core.o
    0x080037ac   0x080037ac   0x00000008   Code   RO          419    i.USBD_LL_SetSpeed  usbd_core.o
    0x080037b4   0x080037b4   0x00000016   Code   RO         4064    i.USBD_LL_SetUSBAddress  usbd_conf.o
    0x080037ca   0x080037ca   0x00000084   Code   RO          420    i.USBD_LL_SetupStage  usbd_core.o
    0x0800384e   0x0800384e   0x00000016   Code   RO         4065    i.USBD_LL_StallEP   usbd_conf.o
    0x08003864   0x08003864   0x00000016   Code   RO          421    i.USBD_LL_Suspend   usbd_core.o
    0x0800387a   0x0800387a   0x0000001e   Code   RO         4068    i.USBD_LL_Transmit  usbd_conf.o
    0x08003898   0x08003898   0x00000028   Code   RO          265    i.USBD_ParseSetupRequest  usbd_ctlreq.o
    0x080038c0   0x080038c0   0x00000006   Code   RO          423    i.USBD_RunTestMode  usbd_core.o
    0x080038c6   0x080038c6   0x00000062   Code   RO          266    i.USBD_SetAddress   usbd_ctlreq.o
    0x08003928   0x08003928   0x0000002a   Code   RO          424    i.USBD_SetClassConfig  usbd_core.o
    0x08003952   0x08003952   0x00000002   PAD
    0x08003954   0x08003954   0x000000e8   Code   RO          267    i.USBD_SetConfig    usbd_ctlreq.o
    0x08003a3c   0x08003a3c   0x0000002a   Code   RO          268    i.USBD_SetFeature   usbd_ctlreq.o
    0x08003a66   0x08003a66   0x00000072   Code   RO          269    i.USBD_StdDevReq    usbd_ctlreq.o
    0x08003ad8   0x08003ad8   0x0000016a   Code   RO          270    i.USBD_StdEPReq     usbd_ctlreq.o
    0x08003c42   0x08003c42   0x00000052   Code   RO          271    i.USBD_StdItfReq    usbd_ctlreq.o
    0x08003c94   0x08003c94   0x00000018   Code   RO         4727    i.USB_IRQHandler    sd_interrupt.o
    0x08003cac   0x08003cac   0x0000001c   Code   RO          344    i.__ARM_common_switch8  usbd_ctlreq.o
    0x08003cc8   0x08003cc8   0x0000000e   Code   RO         5652    i.__scatterload_copy  mc_p.l(handlers.o)
    0x08003cd6   0x08003cd6   0x00000002   Code   RO         5653    i.__scatterload_null  mc_p.l(handlers.o)
    0x08003cd8   0x08003cd8   0x0000000e   Code   RO         5654    i.__scatterload_zeroinit  mc_p.l(handlers.o)
    0x08003ce6   0x08003ce6   0x00000002   PAD
    0x08003ce8   0x08003ce8   0x000000a4   Code   RO         4250    i.main              main.o
    0x08003d8c   0x08003d8c   0x00000022   Code   RO         4251    i.pm_Sleep          main.o
    0x08003dae   0x08003dae   0x00000020   Code   RO         4253    i.pm_sleepRead      main.o
    0x08003dce   0x08003dce   0x00000002   PAD
    0x08003dd0   0x08003dd0   0x000000c8   Code   RO         5194    i.sd_adc_irqhandler  sd_adc.o
    0x08003e98   0x08003e98   0x0000001a   Code   RO         5041    i.sd_button_init    sd_button.o
    0x08003eb2   0x08003eb2   0x000000a2   Code   RO         5042    i.sd_button_run     sd_button.o
    0x08003f54   0x08003f54   0x00000046   Code   RO         4664    i.sd_cdc_control    sd_usbd_cdc_if.o
    0x08003f9a   0x08003f9a   0x00000002   PAD
    0x08003f9c   0x08003f9c   0x0000000c   Code   RO         4665    i.sd_cdc_deinit     sd_usbd_cdc_if.o
    0x08003fa8   0x08003fa8   0x00000010   Code   RO         4666    i.sd_cdc_get_state  sd_usbd_cdc_if.o
    0x08003fb8   0x08003fb8   0x0000003c   Code   RO         4667    i.sd_cdc_init       sd_usbd_cdc_if.o
    0x08003ff4   0x08003ff4   0x00000030   Code   RO         4668    i.sd_cdc_receive    sd_usbd_cdc_if.o
    0x08004024   0x08004024   0x00000034   Code   RO         4669    i.sd_cdc_transmit   sd_usbd_cdc_if.o
    0x08004058   0x08004058   0x00000020   Code   RO         5118    i.sd_gpio_exti_irqhandler  sd_gpio.o
    0x08004078   0x08004078   0x0000020c   Code   RO         5119    i.sd_gpio_init      sd_gpio.o
    0x08004284   0x08004284   0x00000018   Code   RO         4927    i.sd_led_blink      sd_led_pattern.o
    0x0800429c   0x0800429c   0x00000018   Code   RO         4928    i.sd_led_breathe    sd_led_pattern.o
    0x080042b4   0x080042b4   0x0000006c   Code   RO         4878    i.sd_led_queuehandler  sd_led.o
    0x08004320   0x08004320   0x00000018   Code   RO         4929    i.sd_led_rapid      sd_led_pattern.o
    0x08004338   0x08004338   0x00000044   Code   RO         4879    i.sd_led_reset      sd_led.o
    0x0800437c   0x0800437c   0x00000022   Code   RO         4880    i.sd_led_set_pattern  sd_led.o
    0x0800439e   0x0800439e   0x00000022   Code   RO         4612    i.sd_spbr_find_cmd  sd_spi_bridge.o
    0x080043c0   0x080043c0   0x00000022   Code   RO         4613    i.sd_spbr_find_device  sd_spi_bridge.o
    0x080043e2   0x080043e2   0x000000da   Code   RO         4615    i.sd_spbr_irqhandler  sd_spi_bridge.o
    0x080044bc   0x080044bc   0x000000a8   Code   RO         4616    i.sd_spbr_rx_isr    sd_spi_bridge.o
    0x08004564   0x08004564   0x000000c8   Code   RO         4971    i.sd_uart_irqhandler  sd_uart.o
    0x0800462c   0x0800462c   0x000000a4   Code   RO         4457    i.sd_uart_usb_transmit  sd_platform.o
    0x080046d0   0x080046d0   0x0000001c   Code   RO         4366    i.sd_zynq_disable   sd_platform.o
    0x080046ec   0x080046ec   0x0000001c   Code   RO         4367    i.sd_zynq_enable    sd_platform.o
    0x08004708   0x08004708   0x00000010   Data   RO          561    .constdata          stm32f0xx_hal_rcc.o
    0x08004718   0x08004718   0x0000008a   Data   RO         5199    .conststring        sd_adc.o
    0x080047a2   0x080047a2   0x00000002   PAD
    0x080047a4   0x080047a4   0x00000020   Data   RO         5650    Region$$Table       anon$$obj.o


    Execution Region RW_IRAM1 (Exec base: 0x20000000, Load base: 0x080047c4, Size: 0x00002bd0, Max: 0x00004000, ABSOLUTE, COMPRESSED[0x00000980])

    Exec Addr    Load Addr    Size         Type   Attr      Idx    E Section Name        Object

    0x20000000   COMPRESSED   0x00000001   Data   RW          272    .data               usbd_ctlreq.o
    0x20000001   COMPRESSED   0x00000003   PAD
    0x20000004   COMPRESSED   0x00000004   Data   RW         1906    .data               stm32f0xx_hal.o
    0x20000008   COMPRESSED   0x00000020   Data   RW         4618    .data               sd_spi_bridge.o
    0x20000028   COMPRESSED   0x00000014   Data   RW         4671    .data               sd_usbd_cdc_if.o
    0x2000003c   COMPRESSED   0x000013b4   Data   RW         4931    .data               sd_led_pattern.o
    0x200013f0   COMPRESSED   0x000000dc   Data   RW         5200    .data               sd_adc.o
    0x200014cc   COMPRESSED   0x00000014   Data   RW         5296    .data               system_stm32f0xx.o
    0x200014e0   COMPRESSED   0x00000004   Data   RW         4464    .data__ZZ20sd_uart_usb_transmitE3idx  sd_platform.o
    0x200014e4        -       0x00000224   Zero   RW         3923    .bss                usb_device.o
    0x20001708        -       0x00000440   Zero   RW         4071    .bss                usbd_conf.o
    0x20001b48        -       0x00000010   Zero   RW         4617    .bss                sd_spi_bridge.o
    0x20001b58        -       0x00000800   Zero   RW         4670    .bss                sd_usbd_cdc_if.o
    0x20002358        -       0x000000b4   Zero   RW         4881    .bss                sd_led.o
    0x2000240c        -       0x00000174   Zero   RW         4976    .bss                sd_uart.o
    0x20002580        -       0x00000038   Zero   RW         5043    .bss                sd_button.o
    0x200025b8        -       0x0000003c   Zero   RW         5147    .bss                sd_tim.o
    0x200025f4        -       0x0000015c   Zero   RW         5198    .bss                sd_adc.o
    0x20002750        -       0x00000080   Zero   RW         4463    .bss__ZZ20sd_uart_usb_transmitE6txbuff  sd_platform.o
    0x200027d0        -       0x00000400   Zero   RW          539    STACK               startup_stm32f078xx.o


==============================================================================

Image component sizes


      Code (inc. data)   RO Data    RW Data    ZI Data      Debug   Object Name

       350         32          0          0          0       4544   main.o
       200         10        138        220        348       2306   sd_adc.o
       188          0          0          0         56       2758   sd_button.o
       556         38          0          0          0       1829   sd_gpio.o
       314         76          0          0          0       4759   sd_interrupt.o
       210          0          0          0        180       3357   sd_led.o
        72         16          0       5044          0       2449   sd_led_pattern.o
       340         36          0          4        128       3995   sd_platform.o
       454          4          0         32         16       4597   sd_spi_bridge.o
         0          0          0          0         60        236   sd_tim.o
       200          6          0          0        372       2729   sd_uart.o
       258         42          0         20       2048       4280   sd_usbd_cdc_if.o
        28          8        192          0       1024        740   startup_stm32f078xx.o
       124         14          0          4          0       3746   stm32f0xx_hal.o
         2          0          0          0          0       1188   stm32f0xx_hal_adc.o
       264         30          0          0          0      10507   stm32f0xx_hal_cortex.o
       546         28          0          0          0       3608   stm32f0xx_hal_gpio.o
        48          6          0          0          0        850   stm32f0xx_hal_msp.o
      4098         72          0          0          0      10908   stm32f0xx_hal_pcd.o
      2628         90         16          0          0       5194   stm32f0xx_hal_rcc.o
       380         14          0          0          0       1484   stm32f0xx_hal_rcc_ex.o
       870         22          0          0          0       6731   stm32f0xx_hal_spi.o
      1678         92          0          0          0      10621   stm32f0xx_hal_tim.o
         4          0          0          0          0       1586   stm32f0xx_hal_tim_ex.o
       676          0          0          0          0       4589   stm32f0xx_hal_uart.o
       120         18          0         20          0       1393   system_stm32f0xx.o
         0          0          0          0        548       1966   usb_device.o
       174          0          0          0          0     308280   usbd_cdc.o
       454         12          0          0       1088      10108   usbd_conf.o
       756          0          0          0          0       7997   usbd_core.o
      1610         34          0          1          0       9415   usbd_ctlreq.o
       140          0          0          0          0       3924   usbd_ioreq.o

    ----------------------------------------------------------------------
     17764        700        380       5348       5868     442674   Object Totals
         0          0         32          0          0          0   (incl. Generated)
        22          0          2          3          0          0   (incl. Padding)

    ----------------------------------------------------------------------

      Code (inc. data)   RO Data    RW Data    ZI Data      Debug   Library Member Name

        96          0          0          0          0          0   __dclz77c.o
         0          0          0          0          0          0   entry.o
         0          0          0          0          0          0   entry10a.o
         0          0          0          0          0          0   entry11a.o
         8          4          0          0          0          0   entry2.o
         4          0          0          0          0          0   entry5.o
         0          0          0          0          0          0   entry7b.o
         0          0          0          0          0          0   entry8b.o
         8          4          0          0          0          0   entry9a.o
        30          0          0          0          0          0   handlers.o
        36          8          0          0          0         68   init.o
        44          0          0          0          0         72   uidiv.o

    ----------------------------------------------------------------------
       228         16          0          0          0        140   Library Totals
         2          0          0          0          0          0   (incl. Padding)

    ----------------------------------------------------------------------

      Code (inc. data)   RO Data    RW Data    ZI Data      Debug   Library Name

       226         16          0          0          0        140   mc_p.l

    ----------------------------------------------------------------------
       228         16          0          0          0        140   Library Totals

    ----------------------------------------------------------------------

==============================================================================


      Code (inc. data)   RO Data    RW Data    ZI Data      Debug   

     17992        716        380       5348       5868     436526   Grand Totals
     17992        716        380       2432       5868     436526   ELF Image Totals (compressed)
     17992        716        380       2432          0          0   ROM Totals

==============================================================================

    Total RO  Size (Code + RO Data)                18372 (  17.94kB)
    Total RW  Size (RW Data + ZI Data)             11216 (  10.95kB)
    Total ROM Size (Code + RO Data + RW Data)      20804 (  20.32kB)

==============================================================================

